[0.035s] Invoking command in '/home/ubuntu/rb3302_final_proj_code/robot_ws/build/rplidar_ros': CMAKE_PREFIX_PATH=${CMAKE_PREFIX_PATH}:/opt/ros/jazzy /usr/bin/cmake /home/ubuntu/rb3302_final_proj_code/robot_ws/src/rplidar_ros -DAMENT_CMAKE_SYMLINK_INSTALL=1 -DCMAKE_INSTALL_PREFIX=/home/ubuntu/rb3302_final_proj_code/robot_ws/install/rplidar_ros
[0.068s] -- Found ament_cmake: 2.5.6 (/opt/ros/jazzy/share/ament_cmake/cmake)
[0.590s] -- Override CMake install command with custom implementation using symlinks instead of copying resources
[0.602s] -- Found rclcpp: 28.1.21 (/opt/ros/jazzy/share/rclcpp/cmake)
[0.638s] -- Found rosidl_generator_c: 4.6.9 (/opt/ros/jazzy/share/rosidl_generator_c/cmake)
[0.651s] -- Found rosidl_generator_cpp: 4.6.9 (/opt/ros/jazzy/share/rosidl_generator_cpp/cmake)
[0.667s] -- Using all available rosidl_typesupport_c: rosidl_typesupport_fastrtps_c;rosidl_typesupport_introspection_c
[0.686s] -- Using all available rosidl_typesupport_cpp: rosidl_typesupport_fastrtps_cpp;rosidl_typesupport_introspection_cpp
[0.767s] -- Found rmw_implementation_cmake: 7.3.3 (/opt/ros/jazzy/share/rmw_implementation_cmake/cmake)
[0.769s] -- Found rmw_fastrtps_cpp: 8.4.4 (/opt/ros/jazzy/share/rmw_fastrtps_cpp/cmake)
[0.930s] -- Using RMW implementation 'rmw_fastrtps_cpp' as default
[1.042s] -- Found sensor_msgs: 5.3.8 (/opt/ros/jazzy/share/sensor_msgs/cmake)
[1.108s] -- Found std_srvs: 5.3.8 (/opt/ros/jazzy/share/std_srvs/cmake)
[1.360s] -- Configuring done (1.3s)
[1.407s] -- Generating done (0.0s)
[1.428s] -- Build files have been written to: /home/ubuntu/rb3302_final_proj_code/robot_ws/build/rplidar_ros
[1.445s] Invoked command in '/home/ubuntu/rb3302_final_proj_code/robot_ws/build/rplidar_ros' returned '0': CMAKE_PREFIX_PATH=${CMAKE_PREFIX_PATH}:/opt/ros/jazzy /usr/bin/cmake /home/ubuntu/rb3302_final_proj_code/robot_ws/src/rplidar_ros -DAMENT_CMAKE_SYMLINK_INSTALL=1 -DCMAKE_INSTALL_PREFIX=/home/ubuntu/rb3302_final_proj_code/robot_ws/install/rplidar_ros
[1.448s] Invoking command in '/home/ubuntu/rb3302_final_proj_code/robot_ws/build/rplidar_ros': CMAKE_PREFIX_PATH=${CMAKE_PREFIX_PATH}:/opt/ros/jazzy /usr/bin/cmake --build /home/ubuntu/rb3302_final_proj_code/robot_ws/build/rplidar_ros -- -j8 -l8
[1.547s] -- Found ament_cmake: 2.5.6 (/opt/ros/jazzy/share/ament_cmake/cmake)
[2.162s] -- Override CMake install command with custom implementation using symlinks instead of copying resources
[2.202s] -- Found rclcpp: 28.1.21 (/opt/ros/jazzy/share/rclcpp/cmake)
[2.244s] -- Found rosidl_generator_c: 4.6.9 (/opt/ros/jazzy/share/rosidl_generator_c/cmake)
[2.264s] -- Found rosidl_generator_cpp: 4.6.9 (/opt/ros/jazzy/share/rosidl_generator_cpp/cmake)
[2.281s] -- Using all available rosidl_typesupport_c: rosidl_typesupport_fastrtps_c;rosidl_typesupport_introspection_c
[2.300s] -- Using all available rosidl_typesupport_cpp: rosidl_typesupport_fastrtps_cpp;rosidl_typesupport_introspection_cpp
[2.386s] -- Found rmw_implementation_cmake: 7.3.3 (/opt/ros/jazzy/share/rmw_implementation_cmake/cmake)
[2.388s] -- Found rmw_fastrtps_cpp: 8.4.4 (/opt/ros/jazzy/share/rmw_fastrtps_cpp/cmake)
[2.487s] -- Using RMW implementation 'rmw_fastrtps_cpp' as default
[2.579s] -- Found sensor_msgs: 5.3.8 (/opt/ros/jazzy/share/sensor_msgs/cmake)
[2.649s] -- Found std_srvs: 5.3.8 (/opt/ros/jazzy/share/std_srvs/cmake)
[2.863s] -- Configuring done (1.3s)
[2.904s] -- Generating done (0.0s)
[2.917s] -- Build files have been written to: /home/ubuntu/rb3302_final_proj_code/robot_ws/build/rplidar_ros
[2.973s] gmake[2]: Warning: File 'CMakeFiles/rplidar_composition.dir/flags.make' has modification time 2939995 s in the future
[2.976s] gmake[2]: Warning: File 'CMakeFiles/rplidar_client.dir/flags.make' has modification time 2939995 s in the future
[2.977s] gmake[2]: Warning: File 'CMakeFiles/rplidar_node.dir/flags.make' has modification time 2939995 s in the future
[3.003s] gmake[2]: warning:  Clock skew detected.  Your build may be incomplete.
[3.014s] gmake[2]: Warning: File 'CMakeFiles/rplidar_client.dir/flags.make' has modification time 2939995 s in the future
[3.014s] gmake[2]: warning:  Clock skew detected.  Your build may be incomplete.
[3.015s] gmake[2]: warning:  Clock skew detected.  Your build may be incomplete.
[3.028s] [  5%] Built target rplidar_client
[3.042s] gmake[2]: Warning: File 'CMakeFiles/rplidar_composition.dir/flags.make' has modification time 2939995 s in the future
[3.043s] gmake[2]: warning:  Clock skew detected.  Your build may be incomplete.
[3.045s] gmake[2]: warning:  Clock skew detected.  Your build may be incomplete.
[3.058s] [ 52%] Built target rplidar_composition
[3.072s] gmake[2]: Warning: File 'CMakeFiles/rplidar_node.dir/flags.make' has modification time 2939995 s in the future
[3.073s] gmake[2]: warning:  Clock skew detected.  Your build may be incomplete.
[3.104s] [100%] Built target rplidar_node
[3.125s] Invoked command in '/home/ubuntu/rb3302_final_proj_code/robot_ws/build/rplidar_ros' returned '0': CMAKE_PREFIX_PATH=${CMAKE_PREFIX_PATH}:/opt/ros/jazzy /usr/bin/cmake --build /home/ubuntu/rb3302_final_proj_code/robot_ws/build/rplidar_ros -- -j8 -l8
[3.128s] Invoking command in '/home/ubuntu/rb3302_final_proj_code/robot_ws/build/rplidar_ros': CMAKE_PREFIX_PATH=${CMAKE_PREFIX_PATH}:/opt/ros/jazzy /usr/bin/cmake --install /home/ubuntu/rb3302_final_proj_code/robot_ws/build/rplidar_ros
[3.158s] -- Install configuration: ""
[3.159s] -- Execute custom install script
[3.160s] -- Up-to-date symlink: /home/ubuntu/rb3302_final_proj_code/robot_ws/install/rplidar_ros/share/rplidar_ros/launch/rplidar_launch.py
[3.161s] -- Up-to-date symlink: /home/ubuntu/rb3302_final_proj_code/robot_ws/install/rplidar_ros/share/rplidar_ros/rviz/rplidar_ros.rviz
[3.162s] -- Up-to-date symlink: /home/ubuntu/rb3302_final_proj_code/robot_ws/install/rplidar_ros/lib/rplidar_ros/rplidar_node
[3.162s] -- Up-to-date symlink: /home/ubuntu/rb3302_final_proj_code/robot_ws/install/rplidar_ros/lib/rplidar_ros/rplidar_composition
[3.163s] -- Up-to-date symlink: /home/ubuntu/rb3302_final_proj_code/robot_ws/install/rplidar_ros/lib/rplidar_ros/rplidar_client
[3.163s] -- Up-to-date symlink: /home/ubuntu/rb3302_final_proj_code/robot_ws/install/rplidar_ros/share/ament_index/resource_index/package_run_dependencies/rplidar_ros
[3.163s] -- Up-to-date symlink: /home/ubuntu/rb3302_final_proj_code/robot_ws/install/rplidar_ros/share/ament_index/resource_index/parent_prefix_path/rplidar_ros
[3.163s] -- Up-to-date symlink: /home/ubuntu/rb3302_final_proj_code/robot_ws/install/rplidar_ros/share/rplidar_ros/environment/ament_prefix_path.sh
[3.163s] -- Up-to-date symlink: /home/ubuntu/rb3302_final_proj_code/robot_ws/install/rplidar_ros/share/rplidar_ros/environment/ament_prefix_path.dsv
[3.164s] -- Up-to-date symlink: /home/ubuntu/rb3302_final_proj_code/robot_ws/install/rplidar_ros/share/rplidar_ros/environment/path.sh
[3.164s] -- Up-to-date symlink: /home/ubuntu/rb3302_final_proj_code/robot_ws/install/rplidar_ros/share/rplidar_ros/environment/path.dsv
[3.164s] -- Up-to-date symlink: /home/ubuntu/rb3302_final_proj_code/robot_ws/install/rplidar_ros/share/rplidar_ros/local_setup.bash
[3.164s] -- Up-to-date symlink: /home/ubuntu/rb3302_final_proj_code/robot_ws/install/rplidar_ros/share/rplidar_ros/local_setup.sh
[3.164s] -- Up-to-date symlink: /home/ubuntu/rb3302_final_proj_code/robot_ws/install/rplidar_ros/share/rplidar_ros/local_setup.zsh
[3.164s] -- Up-to-date symlink: /home/ubuntu/rb3302_final_proj_code/robot_ws/install/rplidar_ros/share/rplidar_ros/local_setup.dsv
[3.164s] -- Symlinking: /home/ubuntu/rb3302_final_proj_code/robot_ws/install/rplidar_ros/share/rplidar_ros/package.dsv
[3.195s] -- Up-to-date symlink: /home/ubuntu/rb3302_final_proj_code/robot_ws/install/rplidar_ros/share/ament_index/resource_index/packages/rplidar_ros
[3.196s] -- Up-to-date symlink: /home/ubuntu/rb3302_final_proj_code/robot_ws/install/rplidar_ros/share/rplidar_ros/cmake/ament_cmake_export_dependencies-extras.cmake
[3.196s] -- Up-to-date symlink: /home/ubuntu/rb3302_final_proj_code/robot_ws/install/rplidar_ros/share/rplidar_ros/cmake/ament_cmake_export_include_directories-extras.cmake
[3.196s] -- Up-to-date symlink: /home/ubuntu/rb3302_final_proj_code/robot_ws/install/rplidar_ros/share/rplidar_ros/cmake/rplidar_rosConfig.cmake
[3.196s] -- Up-to-date symlink: /home/ubuntu/rb3302_final_proj_code/robot_ws/install/rplidar_ros/share/rplidar_ros/cmake/rplidar_rosConfig-version.cmake
[3.196s] -- Up-to-date symlink: /home/ubuntu/rb3302_final_proj_code/robot_ws/install/rplidar_ros/share/rplidar_ros/package.xml
[3.200s] Invoked command in '/home/ubuntu/rb3302_final_proj_code/robot_ws/build/rplidar_ros' returned '0': CMAKE_PREFIX_PATH=${CMAKE_PREFIX_PATH}:/opt/ros/jazzy /usr/bin/cmake --install /home/ubuntu/rb3302_final_proj_code/robot_ws/build/rplidar_ros
