-- Install configuration: ""
-- Execute custom install script
-- Up-to-date symlink: /home/ubuntu/rb3302_final_proj_code/robot_ws/install/robot_model/share/robot_model/urdf/diffbot.urdf.xacro
-- Up-to-date symlink: /home/ubuntu/rb3302_final_proj_code/robot_ws/install/robot_model/share/robot_model/launch/description.launch.py
-- Up-to-date symlink: /home/ubuntu/rb3302_final_proj_code/robot_ws/install/robot_model/share/robot_model/rviz/description.rviz
-- Up-to-date symlink: /home/ubuntu/rb3302_final_proj_code/robot_ws/install/robot_model/share/ament_index/resource_index/package_run_dependencies/robot_model
-- Up-to-date symlink: /home/ubuntu/rb3302_final_proj_code/robot_ws/install/robot_model/share/ament_index/resource_index/parent_prefix_path/robot_model
-- Up-to-date symlink: /home/ubuntu/rb3302_final_proj_code/robot_ws/install/robot_model/share/robot_model/environment/ament_prefix_path.sh
-- Up-to-date symlink: /home/ubuntu/rb3302_final_proj_code/robot_ws/install/robot_model/share/robot_model/environment/ament_prefix_path.dsv
-- Up-to-date symlink: /home/ubuntu/rb3302_final_proj_code/robot_ws/install/robot_model/share/robot_model/environment/path.sh
-- Up-to-date symlink: /home/ubuntu/rb3302_final_proj_code/robot_ws/install/robot_model/share/robot_model/environment/path.dsv
-- Up-to-date symlink: /home/ubuntu/rb3302_final_proj_code/robot_ws/install/robot_model/share/robot_model/local_setup.bash
-- Up-to-date symlink: /home/ubuntu/rb3302_final_proj_code/robot_ws/install/robot_model/share/robot_model/local_setup.sh
-- Up-to-date symlink: /home/ubuntu/rb3302_final_proj_code/robot_ws/install/robot_model/share/robot_model/local_setup.zsh
-- Up-to-date symlink: /home/ubuntu/rb3302_final_proj_code/robot_ws/install/robot_model/share/robot_model/local_setup.dsv
-- Symlinking: /home/ubuntu/rb3302_final_proj_code/robot_ws/install/robot_model/share/robot_model/package.dsv
-- Up-to-date symlink: /home/ubuntu/rb3302_final_proj_code/robot_ws/install/robot_model/share/ament_index/resource_index/packages/robot_model
-- Up-to-date symlink: /home/ubuntu/rb3302_final_proj_code/robot_ws/install/robot_model/share/robot_model/cmake/robot_modelConfig.cmake
-- Up-to-date symlink: /home/ubuntu/rb3302_final_proj_code/robot_ws/install/robot_model/share/robot_model/cmake/robot_modelConfig-version.cmake
-- Up-to-date symlink: /home/ubuntu/rb3302_final_proj_code/robot_ws/install/robot_model/share/robot_model/package.xml
