[0.352s] Invoking command in '/home/ubuntu/rb3302_final_proj_code/student_ws/build/planning_astar': CMAKE_PREFIX_PATH=${CMAKE_PREFIX_PATH}:/home/ubuntu/rb3302_final_proj_code/robot_ws/install/waverover_base:/opt/ros/jazzy /usr/bin/cmake /home/ubuntu/rb3302_final_proj_code/student_ws/src/planning_astar -DAMENT_CMAKE_SYMLINK_INSTALL=1 -DCMAKE_INSTALL_PREFIX=/home/ubuntu/rb3302_final_proj_code/student_ws/install/planning_astar
[0.509s] -- The C compiler identification is GNU 13.3.0
[0.650s] -- The CXX compiler identification is GNU 13.3.0
[0.700s] -- Detecting C compiler ABI info
[0.949s] -- Detecting C compiler ABI info - done
[1.010s] -- Check for working C compiler: /usr/bin/cc - skipped
[1.010s] -- Detecting C compile features
[1.010s] -- Detecting C compile features - done
[1.041s] -- Detecting CXX compiler ABI info
[1.309s] -- Detecting CXX compiler ABI info - done
[1.357s] -- Check for working CXX compiler: /usr/bin/c++ - skipped
[1.358s] -- Detecting CXX compile features
[1.359s] -- Detecting CXX compile features - done
[1.363s] -- Found ament_cmake: 2.5.6 (/opt/ros/jazzy/share/ament_cmake/cmake)
[1.697s] -- Found Python3: /usr/bin/python3 (found version "3.12.3") found components: Interpreter 
[1.834s] -- Override CMake install command with custom implementation using symlinks instead of copying resources
[2.105s] -- Configuring done (1.7s)
[2.109s] -- Generating done (0.0s)
[2.113s] -- Build files have been written to: /home/ubuntu/rb3302_final_proj_code/student_ws/build/planning_astar
[2.127s] Invoked command in '/home/ubuntu/rb3302_final_proj_code/student_ws/build/planning_astar' returned '0': CMAKE_PREFIX_PATH=${CMAKE_PREFIX_PATH}:/home/ubuntu/rb3302_final_proj_code/robot_ws/install/waverover_base:/opt/ros/jazzy /usr/bin/cmake /home/ubuntu/rb3302_final_proj_code/student_ws/src/planning_astar -DAMENT_CMAKE_SYMLINK_INSTALL=1 -DCMAKE_INSTALL_PREFIX=/home/ubuntu/rb3302_final_proj_code/student_ws/install/planning_astar
[2.134s] Invoking command in '/home/ubuntu/rb3302_final_proj_code/student_ws/build/planning_astar': CMAKE_PREFIX_PATH=${CMAKE_PREFIX_PATH}:/home/ubuntu/rb3302_final_proj_code/robot_ws/install/waverover_base:/opt/ros/jazzy /usr/bin/cmake --build /home/ubuntu/rb3302_final_proj_code/student_ws/build/planning_astar -- -j8 -l8
[2.294s] Invoked command in '/home/ubuntu/rb3302_final_proj_code/student_ws/build/planning_astar' returned '0': CMAKE_PREFIX_PATH=${CMAKE_PREFIX_PATH}:/home/ubuntu/rb3302_final_proj_code/robot_ws/install/waverover_base:/opt/ros/jazzy /usr/bin/cmake --build /home/ubuntu/rb3302_final_proj_code/student_ws/build/planning_astar -- -j8 -l8
[2.316s] Invoking command in '/home/ubuntu/rb3302_final_proj_code/student_ws/build/planning_astar': CMAKE_PREFIX_PATH=${CMAKE_PREFIX_PATH}:/home/ubuntu/rb3302_final_proj_code/robot_ws/install/waverover_base:/opt/ros/jazzy /usr/bin/cmake --install /home/ubuntu/rb3302_final_proj_code/student_ws/build/planning_astar
[2.329s] -- Install configuration: ""
[2.330s] -- Execute custom install script
[2.331s] -- Symlinking: /home/ubuntu/rb3302_final_proj_code/student_ws/install/planning_astar/share/planning_astar/launch/__pycache__/planning.launch.cpython-312.pyc
[2.365s] -- Symlinking: /home/ubuntu/rb3302_final_proj_code/student_ws/install/planning_astar/share/planning_astar/launch/planning.launch.py
[2.380s] -- Symlinking: /home/ubuntu/rb3302_final_proj_code/student_ws/install/planning_astar/share/planning_astar/config/nav2_params.yaml
[2.394s] -- Symlinking: /home/ubuntu/rb3302_final_proj_code/student_ws/install/planning_astar/share/planning_astar/rviz/navigation.rviz
[2.423s] -- Symlinking: /home/ubuntu/rb3302_final_proj_code/student_ws/install/planning_astar/share/ament_index/resource_index/package_run_dependencies/planning_astar
[2.456s] -- Symlinking: /home/ubuntu/rb3302_final_proj_code/student_ws/install/planning_astar/share/ament_index/resource_index/parent_prefix_path/planning_astar
[2.489s] -- Symlinking: /home/ubuntu/rb3302_final_proj_code/student_ws/install/planning_astar/share/planning_astar/environment/ament_prefix_path.sh
[2.520s] -- Symlinking: /home/ubuntu/rb3302_final_proj_code/student_ws/install/planning_astar/share/planning_astar/environment/ament_prefix_path.dsv
[2.553s] -- Symlinking: /home/ubuntu/rb3302_final_proj_code/student_ws/install/planning_astar/share/planning_astar/environment/path.sh
[2.586s] -- Symlinking: /home/ubuntu/rb3302_final_proj_code/student_ws/install/planning_astar/share/planning_astar/environment/path.dsv
[2.619s] -- Symlinking: /home/ubuntu/rb3302_final_proj_code/student_ws/install/planning_astar/share/planning_astar/local_setup.bash
[2.639s] -- Symlinking: /home/ubuntu/rb3302_final_proj_code/student_ws/install/planning_astar/share/planning_astar/local_setup.sh
[2.658s] -- Symlinking: /home/ubuntu/rb3302_final_proj_code/student_ws/install/planning_astar/share/planning_astar/local_setup.zsh
[2.692s] -- Symlinking: /home/ubuntu/rb3302_final_proj_code/student_ws/install/planning_astar/share/planning_astar/local_setup.dsv
[2.732s] -- Symlinking: /home/ubuntu/rb3302_final_proj_code/student_ws/install/planning_astar/share/planning_astar/package.dsv
[2.749s] -- Symlinking: /home/ubuntu/rb3302_final_proj_code/student_ws/install/planning_astar/share/ament_index/resource_index/packages/planning_astar
[2.767s] -- Symlinking: /home/ubuntu/rb3302_final_proj_code/student_ws/install/planning_astar/share/planning_astar/cmake/planning_astarConfig.cmake
[2.806s] -- Symlinking: /home/ubuntu/rb3302_final_proj_code/student_ws/install/planning_astar/share/planning_astar/cmake/planning_astarConfig-version.cmake
[2.846s] -- Symlinking: /home/ubuntu/rb3302_final_proj_code/student_ws/install/planning_astar/share/planning_astar/package.xml
[2.891s] Invoked command in '/home/ubuntu/rb3302_final_proj_code/student_ws/build/planning_astar' returned '0': CMAKE_PREFIX_PATH=${CMAKE_PREFIX_PATH}:/home/ubuntu/rb3302_final_proj_code/robot_ws/install/waverover_base:/opt/ros/jazzy /usr/bin/cmake --install /home/ubuntu/rb3302_final_proj_code/student_ws/build/planning_astar
