-- The C compiler identification is GNU 13.3.0
-- The CXX compiler identification is GNU 13.3.0
-- Detecting C compiler ABI info
-- Detecting C compiler ABI info - done
-- Check for working C compiler: /usr/bin/cc - skipped
-- Detecting C compile features
-- Detecting C compile features - done
-- Detecting CXX compiler ABI info
-- Detecting CXX compiler ABI info - done
-- Check for working CXX compiler: /usr/bin/c++ - skipped
-- Detecting CXX compile features
-- Detecting CXX compile features - done
-- Found ament_cmake: 2.5.6 (/opt/ros/jazzy/share/ament_cmake/cmake)
-- Found Python3: /usr/bin/python3 (found version "3.12.3") found components: Interpreter 
-- Override CMake install command with custom implementation using symlinks instead of copying resources
-- Configuring done (1.9s)
-- Generating done (0.0s)
-- Build files have been written to: /home/ubuntu/rb3302_final_proj_code/student_ws/build/planning_rpp
-- Install configuration: ""
-- Execute custom install script
-- Symlinking: /home/ubuntu/rb3302_final_proj_code/student_ws/install/planning_rpp/share/planning_rpp/launch/__pycache__/planning.launch.cpython-312.pyc
-- Symlinking: /home/ubuntu/rb3302_final_proj_code/student_ws/install/planning_rpp/share/planning_rpp/launch/planning.launch.py
-- Symlinking: /home/ubuntu/rb3302_final_proj_code/student_ws/install/planning_rpp/share/planning_rpp/config/nav2_params.yaml
-- Symlinking: /home/ubuntu/rb3302_final_proj_code/student_ws/install/planning_rpp/share/planning_rpp/rviz/navigation.rviz
-- Symlinking: /home/ubuntu/rb3302_final_proj_code/student_ws/install/planning_rpp/share/ament_index/resource_index/package_run_dependencies/planning_rpp
-- Symlinking: /home/ubuntu/rb3302_final_proj_code/student_ws/install/planning_rpp/share/ament_index/resource_index/parent_prefix_path/planning_rpp
-- Symlinking: /home/ubuntu/rb3302_final_proj_code/student_ws/install/planning_rpp/share/planning_rpp/environment/ament_prefix_path.sh
-- Symlinking: /home/ubuntu/rb3302_final_proj_code/student_ws/install/planning_rpp/share/planning_rpp/environment/ament_prefix_path.dsv
-- Symlinking: /home/ubuntu/rb3302_final_proj_code/student_ws/install/planning_rpp/share/planning_rpp/environment/path.sh
-- Symlinking: /home/ubuntu/rb3302_final_proj_code/student_ws/install/planning_rpp/share/planning_rpp/environment/path.dsv
-- Symlinking: /home/ubuntu/rb3302_final_proj_code/student_ws/install/planning_rpp/share/planning_rpp/local_setup.bash
-- Symlinking: /home/ubuntu/rb3302_final_proj_code/student_ws/install/planning_rpp/share/planning_rpp/local_setup.sh
-- Symlinking: /home/ubuntu/rb3302_final_proj_code/student_ws/install/planning_rpp/share/planning_rpp/local_setup.zsh
-- Symlinking: /home/ubuntu/rb3302_final_proj_code/student_ws/install/planning_rpp/share/planning_rpp/local_setup.dsv
-- Symlinking: /home/ubuntu/rb3302_final_proj_code/student_ws/install/planning_rpp/share/planning_rpp/package.dsv
-- Symlinking: /home/ubuntu/rb3302_final_proj_code/student_ws/install/planning_rpp/share/ament_index/resource_index/packages/planning_rpp
-- Symlinking: /home/ubuntu/rb3302_final_proj_code/student_ws/install/planning_rpp/share/planning_rpp/cmake/planning_rppConfig.cmake
-- Symlinking: /home/ubuntu/rb3302_final_proj_code/student_ws/install/planning_rpp/share/planning_rpp/cmake/planning_rppConfig-version.cmake
-- Symlinking: /home/ubuntu/rb3302_final_proj_code/student_ws/install/planning_rpp/share/planning_rpp/package.xml
