[0.366s] Invoking command in '/home/ubuntu/rb3302_final_proj_code/student_ws/build/planning_rpp': CMAKE_PREFIX_PATH=${CMAKE_PREFIX_PATH}:/home/ubuntu/rb3302_final_proj_code/robot_ws/install/waverover_base:/opt/ros/jazzy /usr/bin/cmake /home/ubuntu/rb3302_final_proj_code/student_ws/src/planning_rpp -DAMENT_CMAKE_SYMLINK_INSTALL=1 -DCMAKE_INSTALL_PREFIX=/home/ubuntu/rb3302_final_proj_code/student_ws/install/planning_rpp
[0.499s] -- The C compiler identification is GNU 13.3.0
[0.612s] -- The CXX compiler identification is GNU 13.3.0
[0.646s] -- Detecting C compiler ABI info
[0.939s] -- Detecting C compiler ABI info - done
[1.010s] -- Check for working C compiler: /usr/bin/cc - skipped
[1.010s] -- Detecting C compile features
[1.010s] -- Detecting C compile features - done
[1.036s] -- Detecting CXX compiler ABI info
[1.363s] -- Detecting CXX compiler ABI info - done
[1.429s] -- Check for working CXX compiler: /usr/bin/c++ - skipped
[1.430s] -- Detecting CXX compile features
[1.432s] -- Detecting CXX compile features - done
[1.436s] -- Found ament_cmake: 2.5.6 (/opt/ros/jazzy/share/ament_cmake/cmake)
[1.792s] -- Found Python3: /usr/bin/python3 (found version "3.12.3") found components: Interpreter 
[1.949s] -- Override CMake install command with custom implementation using symlinks instead of copying resources
[2.259s] -- Configuring done (1.9s)
[2.264s] -- Generating done (0.0s)
[2.266s] -- Build files have been written to: /home/ubuntu/rb3302_final_proj_code/student_ws/build/planning_rpp
[2.276s] Invoked command in '/home/ubuntu/rb3302_final_proj_code/student_ws/build/planning_rpp' returned '0': CMAKE_PREFIX_PATH=${CMAKE_PREFIX_PATH}:/home/ubuntu/rb3302_final_proj_code/robot_ws/install/waverover_base:/opt/ros/jazzy /usr/bin/cmake /home/ubuntu/rb3302_final_proj_code/student_ws/src/planning_rpp -DAMENT_CMAKE_SYMLINK_INSTALL=1 -DCMAKE_INSTALL_PREFIX=/home/ubuntu/rb3302_final_proj_code/student_ws/install/planning_rpp
[2.279s] Invoking command in '/home/ubuntu/rb3302_final_proj_code/student_ws/build/planning_rpp': CMAKE_PREFIX_PATH=${CMAKE_PREFIX_PATH}:/home/ubuntu/rb3302_final_proj_code/robot_ws/install/waverover_base:/opt/ros/jazzy /usr/bin/cmake --build /home/ubuntu/rb3302_final_proj_code/student_ws/build/planning_rpp -- -j8 -l8
[2.370s] Invoked command in '/home/ubuntu/rb3302_final_proj_code/student_ws/build/planning_rpp' returned '0': CMAKE_PREFIX_PATH=${CMAKE_PREFIX_PATH}:/home/ubuntu/rb3302_final_proj_code/robot_ws/install/waverover_base:/opt/ros/jazzy /usr/bin/cmake --build /home/ubuntu/rb3302_final_proj_code/student_ws/build/planning_rpp -- -j8 -l8
[2.376s] Invoking command in '/home/ubuntu/rb3302_final_proj_code/student_ws/build/planning_rpp': CMAKE_PREFIX_PATH=${CMAKE_PREFIX_PATH}:/home/ubuntu/rb3302_final_proj_code/robot_ws/install/waverover_base:/opt/ros/jazzy /usr/bin/cmake --install /home/ubuntu/rb3302_final_proj_code/student_ws/build/planning_rpp
[2.408s] -- Install configuration: ""
[2.408s] -- Execute custom install script
[2.409s] -- Symlinking: /home/ubuntu/rb3302_final_proj_code/student_ws/install/planning_rpp/share/planning_rpp/launch/__pycache__/planning.launch.cpython-312.pyc
[2.441s] -- Symlinking: /home/ubuntu/rb3302_final_proj_code/student_ws/install/planning_rpp/share/planning_rpp/launch/planning.launch.py
[2.475s] -- Symlinking: /home/ubuntu/rb3302_final_proj_code/student_ws/install/planning_rpp/share/planning_rpp/config/nav2_params.yaml
[2.508s] -- Symlinking: /home/ubuntu/rb3302_final_proj_code/student_ws/install/planning_rpp/share/planning_rpp/rviz/navigation.rviz
[2.540s] -- Symlinking: /home/ubuntu/rb3302_final_proj_code/student_ws/install/planning_rpp/share/ament_index/resource_index/package_run_dependencies/planning_rpp
[2.573s] -- Symlinking: /home/ubuntu/rb3302_final_proj_code/student_ws/install/planning_rpp/share/ament_index/resource_index/parent_prefix_path/planning_rpp
[2.605s] -- Symlinking: /home/ubuntu/rb3302_final_proj_code/student_ws/install/planning_rpp/share/planning_rpp/environment/ament_prefix_path.sh
[2.624s] -- Symlinking: /home/ubuntu/rb3302_final_proj_code/student_ws/install/planning_rpp/share/planning_rpp/environment/ament_prefix_path.dsv
[2.644s] -- Symlinking: /home/ubuntu/rb3302_final_proj_code/student_ws/install/planning_rpp/share/planning_rpp/environment/path.sh
[2.661s] -- Symlinking: /home/ubuntu/rb3302_final_proj_code/student_ws/install/planning_rpp/share/planning_rpp/environment/path.dsv
[2.676s] -- Symlinking: /home/ubuntu/rb3302_final_proj_code/student_ws/install/planning_rpp/share/planning_rpp/local_setup.bash
[2.692s] -- Symlinking: /home/ubuntu/rb3302_final_proj_code/student_ws/install/planning_rpp/share/planning_rpp/local_setup.sh
[2.709s] -- Symlinking: /home/ubuntu/rb3302_final_proj_code/student_ws/install/planning_rpp/share/planning_rpp/local_setup.zsh
[2.725s] -- Symlinking: /home/ubuntu/rb3302_final_proj_code/student_ws/install/planning_rpp/share/planning_rpp/local_setup.dsv
[2.764s] -- Symlinking: /home/ubuntu/rb3302_final_proj_code/student_ws/install/planning_rpp/share/planning_rpp/package.dsv
[2.804s] -- Symlinking: /home/ubuntu/rb3302_final_proj_code/student_ws/install/planning_rpp/share/ament_index/resource_index/packages/planning_rpp
[2.821s] -- Symlinking: /home/ubuntu/rb3302_final_proj_code/student_ws/install/planning_rpp/share/planning_rpp/cmake/planning_rppConfig.cmake
[2.837s] -- Symlinking: /home/ubuntu/rb3302_final_proj_code/student_ws/install/planning_rpp/share/planning_rpp/cmake/planning_rppConfig-version.cmake
[2.870s] -- Symlinking: /home/ubuntu/rb3302_final_proj_code/student_ws/install/planning_rpp/share/planning_rpp/package.xml
[2.967s] Invoked command in '/home/ubuntu/rb3302_final_proj_code/student_ws/build/planning_rpp' returned '0': CMAKE_PREFIX_PATH=${CMAKE_PREFIX_PATH}:/home/ubuntu/rb3302_final_proj_code/robot_ws/install/waverover_base:/opt/ros/jazzy /usr/bin/cmake --install /home/ubuntu/rb3302_final_proj_code/student_ws/build/planning_rpp
