[2.554s] Invoking command in '/home/ubuntu/rb3302_final_proj_code/robot_ws/build/waverover_base': PYTHONPATH=/home/ubuntu/rb3302_final_proj_code/robot_ws/build/waverover_base/prefix_override:/usr/lib/python3/dist-packages/colcon_core/task/python/colcon_distutils_commands:/home/ubuntu/rb3302_final_proj_code/robot_ws/install/waverover_base/lib/python3.12/site-packages:${PYTHONPATH} /usr/bin/python3 -W ignore:setup.py install is deprecated -W ignore:easy_install command is deprecated setup.py develop --editable --build-directory /home/ubuntu/rb3302_final_proj_code/robot_ws/build/waverover_base/build --no-deps symlink_data
[3.281s] running develop
[3.637s] running egg_info
[3.638s] creating waverover_base.egg-info
[3.670s] writing waverover_base.egg-info/PKG-INFO
[3.671s] writing dependency_links to waverover_base.egg-info/dependency_links.txt
[3.672s] writing entry points to waverover_base.egg-info/entry_points.txt
[3.672s] writing requirements to waverover_base.egg-info/requires.txt
[3.673s] writing top-level names to waverover_base.egg-info/top_level.txt
[3.674s] writing manifest file 'waverover_base.egg-info/SOURCES.txt'
[3.740s] reading manifest file 'waverover_base.egg-info/SOURCES.txt'
[3.741s] writing manifest file 'waverover_base.egg-info/SOURCES.txt'
[3.775s] running build_ext
[3.775s] Creating /home/ubuntu/rb3302_final_proj_code/robot_ws/install/waverover_base/lib/python3.12/site-packages/waverover-base.egg-link (link to .)
[3.776s] Installing keyboard_teleop script to /home/ubuntu/rb3302_final_proj_code/robot_ws/install/waverover_base/lib/waverover_base
[3.777s] Installing waverover_driver script to /home/ubuntu/rb3302_final_proj_code/robot_ws/install/waverover_base/lib/waverover_base
[3.777s] 
[3.778s] Installed /home/ubuntu/rb3302_final_proj_code/robot_ws/build/waverover_base
[3.778s] running symlink_data
[3.779s] creating /home/ubuntu/rb3302_final_proj_code/robot_ws/install/waverover_base/share/ament_index
[3.779s] creating /home/ubuntu/rb3302_final_proj_code/robot_ws/install/waverover_base/share/ament_index/resource_index
[3.780s] creating /home/ubuntu/rb3302_final_proj_code/robot_ws/install/waverover_base/share/ament_index/resource_index/packages
[3.780s] symbolically linking /home/ubuntu/rb3302_final_proj_code/robot_ws/build/waverover_base/resource/waverover_base -> /home/ubuntu/rb3302_final_proj_code/robot_ws/install/waverover_base/share/ament_index/resource_index/packages
[3.781s] symbolically linking /home/ubuntu/rb3302_final_proj_code/robot_ws/build/waverover_base/package.xml -> /home/ubuntu/rb3302_final_proj_code/robot_ws/install/waverover_base/share/waverover_base
[3.781s] creating /home/ubuntu/rb3302_final_proj_code/robot_ws/install/waverover_base/share/waverover_base/launch
[3.782s] symbolically linking /home/ubuntu/rb3302_final_proj_code/robot_ws/build/waverover_base/launch/driver.launch.py -> /home/ubuntu/rb3302_final_proj_code/robot_ws/install/waverover_base/share/waverover_base/launch
[3.878s] Invoked command in '/home/ubuntu/rb3302_final_proj_code/robot_ws/build/waverover_base' returned '0': PYTHONPATH=/home/ubuntu/rb3302_final_proj_code/robot_ws/build/waverover_base/prefix_override:/usr/lib/python3/dist-packages/colcon_core/task/python/colcon_distutils_commands:/home/ubuntu/rb3302_final_proj_code/robot_ws/install/waverover_base/lib/python3.12/site-packages:${PYTHONPATH} /usr/bin/python3 -W ignore:setup.py install is deprecated -W ignore:easy_install command is deprecated setup.py develop --editable --build-directory /home/ubuntu/rb3302_final_proj_code/robot_ws/build/waverover_base/build --no-deps symlink_data
