[1.693s] Invoking command in '/home/ubuntu/rb3302_final_proj_code/robot_ws/build/waverover_base': PYTHONPATH=/home/ubuntu/rb3302_final_proj_code/robot_ws/build/waverover_base/prefix_override:/usr/lib/python3/dist-packages/colcon_core/task/python/colcon_distutils_commands:/home/ubuntu/rb3302_final_proj_code/robot_ws/install/waverover_base/lib/python3.12/site-packages:${PYTHONPATH} /usr/bin/python3 -W ignore:setup.py install is deprecated -W ignore:easy_install command is deprecated setup.py develop --uninstall --editable --build-directory /home/ubuntu/rb3302_final_proj_code/robot_ws/build/waverover_base/build
[2.261s] running develop
[2.600s] Removing /home/ubuntu/rb3302_final_proj_code/robot_ws/install/waverover_base/lib/python3.12/site-packages/waverover-base.egg-link (link to .)
[2.685s] Invoked command in '/home/ubuntu/rb3302_final_proj_code/robot_ws/build/waverover_base' returned '0': PYTHONPATH=/home/ubuntu/rb3302_final_proj_code/robot_ws/build/waverover_base/prefix_override:/usr/lib/python3/dist-packages/colcon_core/task/python/colcon_distutils_commands:/home/ubuntu/rb3302_final_proj_code/robot_ws/install/waverover_base/lib/python3.12/site-packages:${PYTHONPATH} /usr/bin/python3 -W ignore:setup.py install is deprecated -W ignore:easy_install command is deprecated setup.py develop --uninstall --editable --build-directory /home/ubuntu/rb3302_final_proj_code/robot_ws/build/waverover_base/build
[2.698s] Invoking command in '/home/ubuntu/rb3302_final_proj_code/robot_ws/src/waverover_base': PYTHONPATH=/home/ubuntu/rb3302_final_proj_code/robot_ws/build/waverover_base/prefix_override:/usr/lib/python3/dist-packages/colcon_core/task/python/colcon_distutils_commands:/home/ubuntu/rb3302_final_proj_code/robot_ws/install/waverover_base/lib/python3.12/site-packages:${PYTHONPATH} /usr/bin/python3 -W ignore:setup.py install is deprecated -W ignore:easy_install command is deprecated setup.py egg_info --egg-base ../../build/waverover_base build --build-base /home/ubuntu/rb3302_final_proj_code/robot_ws/build/waverover_base/build install --record /home/ubuntu/rb3302_final_proj_code/robot_ws/build/waverover_base/install.log --install-scripts $base/lib/waverover_base --single-version-externally-managed install_data --force
[3.137s] running egg_info
[3.172s] writing ../../build/waverover_base/waverover_base.egg-info/PKG-INFO
[3.173s] writing dependency_links to ../../build/waverover_base/waverover_base.egg-info/dependency_links.txt
[3.174s] writing entry points to ../../build/waverover_base/waverover_base.egg-info/entry_points.txt
[3.175s] writing requirements to ../../build/waverover_base/waverover_base.egg-info/requires.txt
[3.175s] writing top-level names to ../../build/waverover_base/waverover_base.egg-info/top_level.txt
[3.239s] reading manifest file '../../build/waverover_base/waverover_base.egg-info/SOURCES.txt'
[3.240s] writing manifest file '../../build/waverover_base/waverover_base.egg-info/SOURCES.txt'
[3.240s] running build
[3.241s] running build_py
[3.241s] creating /home/ubuntu/rb3302_final_proj_code/robot_ws/build/waverover_base/build
[3.241s] creating /home/ubuntu/rb3302_final_proj_code/robot_ws/build/waverover_base/build/lib
[3.242s] creating /home/ubuntu/rb3302_final_proj_code/robot_ws/build/waverover_base/build/lib/waverover_base
[3.242s] copying waverover_base/waverover_driver.py -> /home/ubuntu/rb3302_final_proj_code/robot_ws/build/waverover_base/build/lib/waverover_base
[3.243s] copying waverover_base/keyboard_teleop.py -> /home/ubuntu/rb3302_final_proj_code/robot_ws/build/waverover_base/build/lib/waverover_base
[3.243s] copying waverover_base/__init__.py -> /home/ubuntu/rb3302_final_proj_code/robot_ws/build/waverover_base/build/lib/waverover_base
[3.243s] running install
[3.251s] running install_lib
[3.284s] creating /home/ubuntu/rb3302_final_proj_code/robot_ws/install/waverover_base/lib/python3.12/site-packages/waverover_base
[3.285s] copying /home/ubuntu/rb3302_final_proj_code/robot_ws/build/waverover_base/build/lib/waverover_base/waverover_driver.py -> /home/ubuntu/rb3302_final_proj_code/robot_ws/install/waverover_base/lib/python3.12/site-packages/waverover_base
[3.285s] copying /home/ubuntu/rb3302_final_proj_code/robot_ws/build/waverover_base/build/lib/waverover_base/keyboard_teleop.py -> /home/ubuntu/rb3302_final_proj_code/robot_ws/install/waverover_base/lib/python3.12/site-packages/waverover_base
[3.289s] copying /home/ubuntu/rb3302_final_proj_code/robot_ws/build/waverover_base/build/lib/waverover_base/__init__.py -> /home/ubuntu/rb3302_final_proj_code/robot_ws/install/waverover_base/lib/python3.12/site-packages/waverover_base
[3.291s] byte-compiling /home/ubuntu/rb3302_final_proj_code/robot_ws/install/waverover_base/lib/python3.12/site-packages/waverover_base/waverover_driver.py to waverover_driver.cpython-312.pyc
[3.298s] byte-compiling /home/ubuntu/rb3302_final_proj_code/robot_ws/install/waverover_base/lib/python3.12/site-packages/waverover_base/keyboard_teleop.py to keyboard_teleop.cpython-312.pyc
[3.299s] byte-compiling /home/ubuntu/rb3302_final_proj_code/robot_ws/install/waverover_base/lib/python3.12/site-packages/waverover_base/__init__.py to __init__.cpython-312.pyc
[3.299s] running install_data
[3.300s] copying resource/waverover_base -> /home/ubuntu/rb3302_final_proj_code/robot_ws/install/waverover_base/share/ament_index/resource_index/packages
[3.300s] copying package.xml -> /home/ubuntu/rb3302_final_proj_code/robot_ws/install/waverover_base/share/waverover_base
[3.300s] copying launch/driver.launch.py -> /home/ubuntu/rb3302_final_proj_code/robot_ws/install/waverover_base/share/waverover_base/launch
[3.301s] running install_egg_info
[3.329s] Copying ../../build/waverover_base/waverover_base.egg-info to /home/ubuntu/rb3302_final_proj_code/robot_ws/install/waverover_base/lib/python3.12/site-packages/waverover_base-0.0.4-py3.12.egg-info
[3.331s] running install_scripts
[3.545s] Installing keyboard_teleop script to /home/ubuntu/rb3302_final_proj_code/robot_ws/install/waverover_base/lib/waverover_base
[3.546s] Installing waverover_driver script to /home/ubuntu/rb3302_final_proj_code/robot_ws/install/waverover_base/lib/waverover_base
[3.546s] writing list of installed files to '/home/ubuntu/rb3302_final_proj_code/robot_ws/build/waverover_base/install.log'
[3.611s] Invoked command in '/home/ubuntu/rb3302_final_proj_code/robot_ws/src/waverover_base' returned '0': PYTHONPATH=/home/ubuntu/rb3302_final_proj_code/robot_ws/build/waverover_base/prefix_override:/usr/lib/python3/dist-packages/colcon_core/task/python/colcon_distutils_commands:/home/ubuntu/rb3302_final_proj_code/robot_ws/install/waverover_base/lib/python3.12/site-packages:${PYTHONPATH} /usr/bin/python3 -W ignore:setup.py install is deprecated -W ignore:easy_install command is deprecated setup.py egg_info --egg-base ../../build/waverover_base build --build-base /home/ubuntu/rb3302_final_proj_code/robot_ws/build/waverover_base/build install --record /home/ubuntu/rb3302_final_proj_code/robot_ws/build/waverover_base/install.log --install-scripts $base/lib/waverover_base --single-version-externally-managed install_data --force
