-- Install configuration: ""
-- Execute custom install script
-- Up-to-date symlink: /home/ubuntu/rb3302_final_proj_code/student_ws/install/planning_astar/share/planning_astar/launch/__pycache__/planning.launch.cpython-312.pyc
-- Up-to-date symlink: /home/ubuntu/rb3302_final_proj_code/student_ws/install/planning_astar/share/planning_astar/launch/planning.launch.py
-- Up-to-date symlink: /home/ubuntu/rb3302_final_proj_code/student_ws/install/planning_astar/share/planning_astar/config/nav2_params.yaml
-- Up-to-date symlink: /home/ubuntu/rb3302_final_proj_code/student_ws/install/planning_astar/share/planning_astar/rviz/navigation.rviz
-- Up-to-date symlink: /home/ubuntu/rb3302_final_proj_code/student_ws/install/planning_astar/share/ament_index/resource_index/package_run_dependencies/planning_astar
-- Up-to-date symlink: /home/ubuntu/rb3302_final_proj_code/student_ws/install/planning_astar/share/ament_index/resource_index/parent_prefix_path/planning_astar
-- Up-to-date symlink: /home/ubuntu/rb3302_final_proj_code/student_ws/install/planning_astar/share/planning_astar/environment/ament_prefix_path.sh
-- Up-to-date symlink: /home/ubuntu/rb3302_final_proj_code/student_ws/install/planning_astar/share/planning_astar/environment/ament_prefix_path.dsv
-- Up-to-date symlink: /home/ubuntu/rb3302_final_proj_code/student_ws/install/planning_astar/share/planning_astar/environment/path.sh
-- Up-to-date symlink: /home/ubuntu/rb3302_final_proj_code/student_ws/install/planning_astar/share/planning_astar/environment/path.dsv
-- Up-to-date symlink: /home/ubuntu/rb3302_final_proj_code/student_ws/install/planning_astar/share/planning_astar/local_setup.bash
-- Up-to-date symlink: /home/ubuntu/rb3302_final_proj_code/student_ws/install/planning_astar/share/planning_astar/local_setup.sh
-- Up-to-date symlink: /home/ubuntu/rb3302_final_proj_code/student_ws/install/planning_astar/share/planning_astar/local_setup.zsh
-- Up-to-date symlink: /home/ubuntu/rb3302_final_proj_code/student_ws/install/planning_astar/share/planning_astar/local_setup.dsv
-- Symlinking: /home/ubuntu/rb3302_final_proj_code/student_ws/install/planning_astar/share/planning_astar/package.dsv
-- Up-to-date symlink: /home/ubuntu/rb3302_final_proj_code/student_ws/install/planning_astar/share/ament_index/resource_index/packages/planning_astar
-- Up-to-date symlink: /home/ubuntu/rb3302_final_proj_code/student_ws/install/planning_astar/share/planning_astar/cmake/planning_astarConfig.cmake
-- Up-to-date symlink: /home/ubuntu/rb3302_final_proj_code/student_ws/install/planning_astar/share/planning_astar/cmake/planning_astarConfig-version.cmake
-- Up-to-date symlink: /home/ubuntu/rb3302_final_proj_code/student_ws/install/planning_astar/share/planning_astar/package.xml
