gmake: Warning: File 'Makefile' has modification time 2941384 s in the future
gmake[1]: Warning: File 'CMakeFiles/Makefile2' has modification time 2941384 s in the future
gmake[2]: Warning: File 'CMakeFiles/yesense_node_subscriber.dir/flags.make' has modification time 2941384 s in the future
gmake[2]: Warning: File 'CMakeFiles/yesense_node_publisher.dir/flags.make' has modification time 2941384 s in the future
gmake[2]: warning:  Clock skew detected.  Your build may be incomplete.
gmake[2]: warning:  Clock skew detected.  Your build may be incomplete.
gmake[2]: Warning: File 'CMakeFiles/yesense_node_subscriber.dir/flags.make' has modification time 2941384 s in the future
gmake[2]: warning:  Clock skew detected.  Your build may be incomplete.
gmake[2]: Warning: File 'CMakeFiles/yesense_node_publisher.dir/flags.make' has modification time 2941384 s in the future
gmake[2]: warning:  Clock skew detected.  Your build may be incomplete.
[ 33%] Built target yesense_node_subscriber
[100%] Built target yesense_node_publisher
gmake[1]: warning:  Clock skew detected.  Your build may be incomplete.
gmake: warning:  Clock skew detected.  Your build may be incomplete.
-- Install configuration: ""
-- Execute custom install script
-- Up-to-date symlink: /home/ubuntu/rb3302_final_proj_code/robot_ws/install/yesense_std_ros2/share/yesense_std_ros2/launch/yesense_node.launch.py
-- Up-to-date symlink: /home/ubuntu/rb3302_final_proj_code/robot_ws/install/yesense_std_ros2/share/yesense_std_ros2/config/yesense_config.yaml
-- Up-to-date symlink: /home/ubuntu/rb3302_final_proj_code/robot_ws/install/yesense_std_ros2/lib/yesense_std_ros2/yesense_node_publisher
-- Up-to-date symlink: /home/ubuntu/rb3302_final_proj_code/robot_ws/install/yesense_std_ros2/lib/yesense_std_ros2/yesense_node_subscriber
-- Up-to-date symlink: /home/ubuntu/rb3302_final_proj_code/robot_ws/install/yesense_std_ros2/share/ament_index/resource_index/package_run_dependencies/yesense_std_ros2
-- Up-to-date symlink: /home/ubuntu/rb3302_final_proj_code/robot_ws/install/yesense_std_ros2/share/ament_index/resource_index/parent_prefix_path/yesense_std_ros2
-- Up-to-date symlink: /home/ubuntu/rb3302_final_proj_code/robot_ws/install/yesense_std_ros2/share/yesense_std_ros2/environment/ament_prefix_path.sh
-- Up-to-date symlink: /home/ubuntu/rb3302_final_proj_code/robot_ws/install/yesense_std_ros2/share/yesense_std_ros2/environment/ament_prefix_path.dsv
-- Up-to-date symlink: /home/ubuntu/rb3302_final_proj_code/robot_ws/install/yesense_std_ros2/share/yesense_std_ros2/environment/path.sh
-- Up-to-date symlink: /home/ubuntu/rb3302_final_proj_code/robot_ws/install/yesense_std_ros2/share/yesense_std_ros2/environment/path.dsv
-- Up-to-date symlink: /home/ubuntu/rb3302_final_proj_code/robot_ws/install/yesense_std_ros2/share/yesense_std_ros2/local_setup.bash
-- Up-to-date symlink: /home/ubuntu/rb3302_final_proj_code/robot_ws/install/yesense_std_ros2/share/yesense_std_ros2/local_setup.sh
-- Up-to-date symlink: /home/ubuntu/rb3302_final_proj_code/robot_ws/install/yesense_std_ros2/share/yesense_std_ros2/local_setup.zsh
-- Up-to-date symlink: /home/ubuntu/rb3302_final_proj_code/robot_ws/install/yesense_std_ros2/share/yesense_std_ros2/local_setup.dsv
-- Symlinking: /home/ubuntu/rb3302_final_proj_code/robot_ws/install/yesense_std_ros2/share/yesense_std_ros2/package.dsv
-- Up-to-date symlink: /home/ubuntu/rb3302_final_proj_code/robot_ws/install/yesense_std_ros2/share/ament_index/resource_index/packages/yesense_std_ros2
-- Up-to-date symlink: /home/ubuntu/rb3302_final_proj_code/robot_ws/install/yesense_std_ros2/share/yesense_std_ros2/cmake/yesense_std_ros2Config.cmake
-- Up-to-date symlink: /home/ubuntu/rb3302_final_proj_code/robot_ws/install/yesense_std_ros2/share/yesense_std_ros2/cmake/yesense_std_ros2Config-version.cmake
-- Up-to-date symlink: /home/ubuntu/rb3302_final_proj_code/robot_ws/install/yesense_std_ros2/share/yesense_std_ros2/package.xml
