-- The C compiler identification is GNU 13.3.0
-- The CXX compiler identification is GNU 13.3.0
-- Detecting C compiler ABI info
-- Detecting C compiler ABI info - done
-- Check for working C compiler: /usr/bin/cc - skipped
-- Detecting C compile features
-- Detecting C compile features - done
-- Detecting CXX compiler ABI info
-- Detecting CXX compiler ABI info - done
-- Check for working CXX compiler: /usr/bin/c++ - skipped
-- Detecting CXX compile features
-- Detecting CXX compile features - done
-- Found rosidl_default_generators: 1.6.1 (/opt/ros/jazzy/share/rosidl_default_generators/cmake)
-- Found Python3: /usr/bin/python3 (found version "3.12.3") found components: Interpreter 
-- Override CMake install command with custom implementation using symlinks instead of copying resources
-- Using all available rosidl_typesupport_c: rosidl_typesupport_fastrtps_c;rosidl_typesupport_introspection_c
-- Using all available rosidl_typesupport_cpp: rosidl_typesupport_fastrtps_cpp;rosidl_typesupport_introspection_cpp
-- Found rosidl_adapter: 4.6.9 (/opt/ros/jazzy/share/rosidl_adapter/cmake)
-- Configuring done (2.3s)
-- Generating done (0.0s)
-- Build files have been written to: /home/ubuntu/rb3302_final_proj_code/robot_ws/build/serial
[ 50%] [32mBuilding CXX object CMakeFiles/serial.dir/src/impl/list_ports/list_ports_linux.cc.o[0m
[ 50%] [32mBuilding CXX object CMakeFiles/serial.dir/src/impl/unix.cc.o[0m
[ 75%] [32mBuilding CXX object CMakeFiles/serial.dir/src/serial.cc.o[0m
[100%] [32m[1mLinking CXX static library libserial.a[0m
[100%] Built target serial
-- Install configuration: ""
-- Execute custom install script
-- Symlinking: /home/ubuntu/rb3302_final_proj_code/robot_ws/install/serial/lib/libserial.a
-- Symlinking: /home/ubuntu/rb3302_final_proj_code/robot_ws/install/serial/share/serial/environment/library_path.sh
-- Symlinking: /home/ubuntu/rb3302_final_proj_code/robot_ws/install/serial/share/serial/environment/library_path.dsv
-- Symlinking: /home/ubuntu/rb3302_final_proj_code/robot_ws/install/serial/include/serial/impl/unix.h
-- Symlinking: /home/ubuntu/rb3302_final_proj_code/robot_ws/install/serial/include/serial/impl/win.h
-- Symlinking: /home/ubuntu/rb3302_final_proj_code/robot_ws/install/serial/include/serial/serial.h
-- Symlinking: /home/ubuntu/rb3302_final_proj_code/robot_ws/install/serial/include/serial/v8stdint.h
-- Symlinking: /home/ubuntu/rb3302_final_proj_code/robot_ws/install/serial/share/ament_index/resource_index/package_run_dependencies/serial
-- Symlinking: /home/ubuntu/rb3302_final_proj_code/robot_ws/install/serial/share/ament_index/resource_index/parent_prefix_path/serial
-- Symlinking: /home/ubuntu/rb3302_final_proj_code/robot_ws/install/serial/share/serial/environment/ament_prefix_path.sh
-- Symlinking: /home/ubuntu/rb3302_final_proj_code/robot_ws/install/serial/share/serial/environment/ament_prefix_path.dsv
-- Symlinking: /home/ubuntu/rb3302_final_proj_code/robot_ws/install/serial/share/serial/environment/path.sh
-- Symlinking: /home/ubuntu/rb3302_final_proj_code/robot_ws/install/serial/share/serial/environment/path.dsv
-- Symlinking: /home/ubuntu/rb3302_final_proj_code/robot_ws/install/serial/share/serial/local_setup.bash
-- Symlinking: /home/ubuntu/rb3302_final_proj_code/robot_ws/install/serial/share/serial/local_setup.sh
-- Symlinking: /home/ubuntu/rb3302_final_proj_code/robot_ws/install/serial/share/serial/local_setup.zsh
-- Symlinking: /home/ubuntu/rb3302_final_proj_code/robot_ws/install/serial/share/serial/local_setup.dsv
-- Symlinking: /home/ubuntu/rb3302_final_proj_code/robot_ws/install/serial/share/serial/package.dsv
-- Symlinking: /home/ubuntu/rb3302_final_proj_code/robot_ws/install/serial/share/ament_index/resource_index/packages/serial
-- Symlinking: /home/ubuntu/rb3302_final_proj_code/robot_ws/install/serial/share/serial/cmake/ament_cmake_export_include_directories-extras.cmake
-- Symlinking: /home/ubuntu/rb3302_final_proj_code/robot_ws/install/serial/share/serial/cmake/ament_cmake_export_libraries-extras.cmake
-- Symlinking: /home/ubuntu/rb3302_final_proj_code/robot_ws/install/serial/share/serial/cmake/ament_cmake_export_dependencies-extras.cmake
-- Symlinking: /home/ubuntu/rb3302_final_proj_code/robot_ws/install/serial/share/serial/cmake/serialConfig.cmake
-- Symlinking: /home/ubuntu/rb3302_final_proj_code/robot_ws/install/serial/share/serial/cmake/serialConfig-version.cmake
-- Symlinking: /home/ubuntu/rb3302_final_proj_code/robot_ws/install/serial/share/serial/package.xml
