gmake: Warning: File 'Makefile' has modification time 2941339 s in the future
gmake[1]: Warning: File 'CMakeFiles/Makefile2' has modification time 2941339 s in the future
gmake[2]: Warning: File '/home/ubuntu/rb3302_final_proj_code/robot_ws/build/yesense_interface/yesense_interface__rs/CMakeFiles/yesense_interface__rs.dir/progress.make' has modification time 2941339 s in the future
gmake[2]: Warning: File 'CMakeFiles/ament_cmake_python_symlink_yesense_interface.dir/progress.make' has modification time 2941339 s in the future
gmake[2]: Warning: File 'CMakeFiles/yesense_interface__rosidl_generator_type_description.dir/progress.make' has modification time 2941339 s in the future
gmake[2]: warning:  Clock skew detected.  Your build may be incomplete.
gmake[2]: warning:  Clock skew detected.  Your build may be incomplete.
gmake[2]: Warning: File 'CMakeFiles/yesense_interface__rosidl_generator_type_description.dir/progress.make' has modification time 2941339 s in the future
gmake[2]: Warning: File 'CMakeFiles/ament_cmake_python_symlink_yesense_interface.dir/progress.make' has modification time 2941339 s in the future
gmake[2]: warning:  Clock skew detected.  Your build may be incomplete.
gmake[2]: Warning: File 'CMakeFiles/yesense_interface__cpp.dir/progress.make' has modification time 2941339 s in the future
gmake[2]: warning:  Clock skew detected.  Your build may be incomplete.
gmake[2]: Warning: File '/home/ubuntu/rb3302_final_proj_code/robot_ws/build/yesense_interface/yesense_interface__rs/CMakeFiles/yesense_interface__rs.dir/progress.make' has modification time 2941339 s in the future
gmake[2]: warning:  Clock skew detected.  Your build may be incomplete.
gmake[2]: warning:  Clock skew detected.  Your build may be incomplete.
gmake[2]: warning:  Clock skew detected.  Your build may be incomplete.
gmake[2]: Warning: File 'CMakeFiles/yesense_interface__rosidl_generator_c.dir/flags.make' has modification time 2941339 s in the future
gmake[2]: Warning: File 'CMakeFiles/yesense_interface__cpp.dir/progress.make' has modification time 2941339 s in the future
gmake[2]: warning:  Clock skew detected.  Your build may be incomplete.
gmake[2]: Warning: File 'CMakeFiles/ament_cmake_python_build_yesense_interface_egg.dir/progress.make' has modification time 2941339 s in the future
gmake[2]: warning:  Clock skew detected.  Your build may be incomplete.
gmake[2]: Warning: File 'CMakeFiles/ament_cmake_python_build_yesense_interface_egg.dir/progress.make' has modification time 2941339 s in the future
gmake[2]: warning:  Clock skew detected.  Your build may be incomplete.
gmake[2]: Warning: File 'CMakeFiles/yesense_interface__rosidl_generator_c.dir/flags.make' has modification time 2941339 s in the future
gmake[2]: warning:  Clock skew detected.  Your build may be incomplete.
gmake[2]: Warning: File 'CMakeFiles/yesense_interface__rosidl_typesupport_fastrtps_c.dir/flags.make' has modification time 2941339 s in the future
gmake[2]: Warning: File 'CMakeFiles/yesense_interface__rosidl_typesupport_introspection_c.dir/flags.make' has modification time 2941339 s in the future
gmake[2]: Warning: File 'CMakeFiles/yesense_interface__rosidl_typesupport_c.dir/flags.make' has modification time 2941339 s in the future
gmake[2]: Warning: File 'CMakeFiles/yesense_interface__rosidl_typesupport_fastrtps_cpp.dir/flags.make' has modification time 2941339 s in the future
gmake[2]: Warning: File 'CMakeFiles/yesense_interface__rosidl_typesupport_introspection_cpp.dir/flags.make' has modification time 2941339 s in the future
gmake[2]: Warning: File 'CMakeFiles/yesense_interface__rosidl_typesupport_cpp.dir/flags.make' has modification time 2941339 s in the future
gmake[2]: warning:  Clock skew detected.  Your build may be incomplete.
gmake[2]: warning:  Clock skew detected.  Your build may be incomplete.
gmake[2]: Warning: File 'CMakeFiles/yesense_interface__rosidl_typesupport_introspection_c.dir/flags.make' has modification time 2941339 s in the future
gmake[2]: warning:  Clock skew detected.  Your build may be incomplete.
gmake[2]: Warning: File 'CMakeFiles/yesense_interface__rosidl_typesupport_introspection_cpp.dir/flags.make' has modification time 2941339 s in the future
gmake[2]: warning:  Clock skew detected.  Your build may be incomplete.
gmake[2]: warning:  Clock skew detected.  Your build may be incomplete.
gmake[2]: warning:  Clock skew detected.  Your build may be incomplete.
gmake[2]: warning:  Clock skew detected.  Your build may be incomplete.
gmake[2]: warning:  Clock skew detected.  Your build may be incomplete.
gmake[2]: Warning: File 'CMakeFiles/yesense_interface__rosidl_typesupport_fastrtps_c.dir/flags.make' has modification time 2941339 s in the future
gmake[2]: Warning: File 'CMakeFiles/yesense_interface__rosidl_typesupport_cpp.dir/flags.make' has modification time 2941339 s in the future
gmake[2]: Warning: File 'CMakeFiles/yesense_interface__rosidl_typesupport_c.dir/flags.make' has modification time 2941339 s in the future
gmake[2]: Warning: File 'CMakeFiles/yesense_interface__rosidl_typesupport_fastrtps_cpp.dir/flags.make' has modification time 2941339 s in the future
gmake[2]: warning:  Clock skew detected.  Your build may be incomplete.
gmake[2]: warning:  Clock skew detected.  Your build may be incomplete.
gmake[2]: warning:  Clock skew detected.  Your build may be incomplete.
gmake[2]: warning:  Clock skew detected.  Your build may be incomplete.
gmake[2]: Warning: File 'CMakeFiles/yesense_interface.dir/progress.make' has modification time 2941339 s in the future
gmake[2]: warning:  Clock skew detected.  Your build may be incomplete.
gmake[2]: Warning: File 'CMakeFiles/yesense_interface.dir/progress.make' has modification time 2941339 s in the future
gmake[2]: warning:  Clock skew detected.  Your build may be incomplete.
gmake[2]: Warning: File '/home/ubuntu/rb3302_final_proj_code/robot_ws/build/yesense_interface/yesense_interface__py/CMakeFiles/yesense_interface__py.dir/progress.make' has modification time 2941339 s in the future
gmake[2]: warning:  Clock skew detected.  Your build may be incomplete.
gmake[2]: Warning: File '/home/ubuntu/rb3302_final_proj_code/robot_ws/build/yesense_interface/yesense_interface__py/CMakeFiles/yesense_interface__py.dir/progress.make' has modification time 2941339 s in the future
gmake[2]: warning:  Clock skew detected.  Your build may be incomplete.
gmake[2]: Warning: File 'CMakeFiles/yesense_interface__rosidl_generator_py.dir/flags.make' has modification time 2941339 s in the future
gmake[2]: warning:  Clock skew detected.  Your build may be incomplete.
gmake[2]: Warning: File 'CMakeFiles/yesense_interface__rosidl_generator_py.dir/flags.make' has modification time 2941338 s in the future
gmake[2]: warning:  Clock skew detected.  Your build may be incomplete.
gmake[2]: Warning: File 'CMakeFiles/yesense_interface_s__rosidl_typesupport_fastrtps_c.dir/flags.make' has modification time 2941338 s in the future
gmake[2]: Warning: File 'CMakeFiles/yesense_interface_s__rosidl_typesupport_c.dir/flags.make' has modification time 2941338 s in the future
gmake[2]: Warning: File 'CMakeFiles/yesense_interface_s__rosidl_typesupport_introspection_c.dir/flags.make' has modification time 2941338 s in the future
gmake[2]: warning:  Clock skew detected.  Your build may be incomplete.
gmake[2]: Warning: File 'CMakeFiles/yesense_interface_s__rosidl_typesupport_fastrtps_c.dir/flags.make' has modification time 2941338 s in the future
gmake[2]: warning:  Clock skew detected.  Your build may be incomplete.
gmake[2]: warning:  Clock skew detected.  Your build may be incomplete.
gmake[2]: warning:  Clock skew detected.  Your build may be incomplete.
gmake[2]: Warning: File 'CMakeFiles/yesense_interface_s__rosidl_typesupport_introspection_c.dir/flags.make' has modification time 2941338 s in the future
gmake[2]: Warning: File 'CMakeFiles/yesense_interface_s__rosidl_typesupport_c.dir/flags.make' has modification time 2941338 s in the future
gmake[2]: warning:  Clock skew detected.  Your build may be incomplete.
gmake[2]: warning:  Clock skew detected.  Your build may be incomplete.
gmake[2]: warning:  Clock skew detected.  Your build may be incomplete.
gmake[1]: warning:  Clock skew detected.  Your build may be incomplete.
gmake: warning:  Clock skew detected.  Your build may be incomplete.
