running develop
running egg_info
creating mapping_cartographer.egg-info
writing mapping_cartographer.egg-info/PKG-INFO
writing dependency_links to mapping_cartographer.egg-info/dependency_links.txt
writing entry points to mapping_cartographer.egg-info/entry_points.txt
writing requirements to mapping_cartographer.egg-info/requires.txt
writing top-level names to mapping_cartographer.egg-info/top_level.txt
writing manifest file 'mapping_cartographer.egg-info/SOURCES.txt'
reading manifest file 'mapping_cartographer.egg-info/SOURCES.txt'
writing manifest file 'mapping_cartographer.egg-info/SOURCES.txt'
running build_ext
Creating /home/ubuntu/rb3302_final_proj_code/student_ws/install/mapping_cartographer/lib/python3.12/site-packages/mapping-cartographer.egg-link (link to .)
Installing scan_time_normalizer script to /home/ubuntu/rb3302_final_proj_code/student_ws/install/mapping_cartographer/lib/mapping_cartographer

Installed /home/ubuntu/rb3302_final_proj_code/student_ws/build/mapping_cartographer
running symlink_data
creating /home/ubuntu/rb3302_final_proj_code/student_ws/install/mapping_cartographer/share/ament_index
creating /home/ubuntu/rb3302_final_proj_code/student_ws/install/mapping_cartographer/share/ament_index/resource_index
creating /home/ubuntu/rb3302_final_proj_code/student_ws/install/mapping_cartographer/share/ament_index/resource_index/packages
symbolically linking /home/ubuntu/rb3302_final_proj_code/student_ws/build/mapping_cartographer/resource/mapping_cartographer -> /home/ubuntu/rb3302_final_proj_code/student_ws/install/mapping_cartographer/share/ament_index/resource_index/packages
symbolically linking /home/ubuntu/rb3302_final_proj_code/student_ws/build/mapping_cartographer/package.xml -> /home/ubuntu/rb3302_final_proj_code/student_ws/install/mapping_cartographer/share/mapping_cartographer
creating /home/ubuntu/rb3302_final_proj_code/student_ws/install/mapping_cartographer/share/mapping_cartographer/launch
symbolically linking /home/ubuntu/rb3302_final_proj_code/student_ws/build/mapping_cartographer/launch/mapping.launch.py -> /home/ubuntu/rb3302_final_proj_code/student_ws/install/mapping_cartographer/share/mapping_cartographer/launch
creating /home/ubuntu/rb3302_final_proj_code/student_ws/install/mapping_cartographer/share/mapping_cartographer/config
symbolically linking /home/ubuntu/rb3302_final_proj_code/student_ws/build/mapping_cartographer/config/cartographer.lua -> /home/ubuntu/rb3302_final_proj_code/student_ws/install/mapping_cartographer/share/mapping_cartographer/config
creating /home/ubuntu/rb3302_final_proj_code/student_ws/install/mapping_cartographer/share/mapping_cartographer/rviz
symbolically linking /home/ubuntu/rb3302_final_proj_code/student_ws/build/mapping_cartographer/rviz/mapping.rviz -> /home/ubuntu/rb3302_final_proj_code/student_ws/install/mapping_cartographer/share/mapping_cartographer/rviz
