-- Found ament_cmake: 2.5.6 (/opt/ros/jazzy/share/ament_cmake/cmake)
-- Override CMake install command with custom implementation using symlinks instead of copying resources
-- Configuring done (0.6s)
-- Generating done (0.0s)
-- Build files have been written to: /home/ubuntu/rb3302_final_proj_code/robot_ws/build/robot_init
-- Found ament_cmake: 2.5.6 (/opt/ros/jazzy/share/ament_cmake/cmake)
-- Override CMake install command with custom implementation using symlinks instead of copying resources
-- Configuring done (0.6s)
-- Generating done (0.0s)
-- Build files have been written to: /home/ubuntu/rb3302_final_proj_code/robot_ws/build/robot_init
-- Install configuration: ""
-- Execute custom install script
-- Up-to-date symlink: /home/ubuntu/rb3302_final_proj_code/robot_ws/install/robot_init/share/robot_init/launch/robot.launch.py
-- Up-to-date symlink: /home/ubuntu/rb3302_final_proj_code/robot_ws/install/robot_init/share/ament_index/resource_index/package_run_dependencies/robot_init
-- Up-to-date symlink: /home/ubuntu/rb3302_final_proj_code/robot_ws/install/robot_init/share/ament_index/resource_index/parent_prefix_path/robot_init
-- Up-to-date symlink: /home/ubuntu/rb3302_final_proj_code/robot_ws/install/robot_init/share/robot_init/environment/ament_prefix_path.sh
-- Up-to-date symlink: /home/ubuntu/rb3302_final_proj_code/robot_ws/install/robot_init/share/robot_init/environment/ament_prefix_path.dsv
-- Up-to-date symlink: /home/ubuntu/rb3302_final_proj_code/robot_ws/install/robot_init/share/robot_init/environment/path.sh
-- Up-to-date symlink: /home/ubuntu/rb3302_final_proj_code/robot_ws/install/robot_init/share/robot_init/environment/path.dsv
-- Up-to-date symlink: /home/ubuntu/rb3302_final_proj_code/robot_ws/install/robot_init/share/robot_init/local_setup.bash
-- Up-to-date symlink: /home/ubuntu/rb3302_final_proj_code/robot_ws/install/robot_init/share/robot_init/local_setup.sh
-- Up-to-date symlink: /home/ubuntu/rb3302_final_proj_code/robot_ws/install/robot_init/share/robot_init/local_setup.zsh
-- Up-to-date symlink: /home/ubuntu/rb3302_final_proj_code/robot_ws/install/robot_init/share/robot_init/local_setup.dsv
-- Symlinking: /home/ubuntu/rb3302_final_proj_code/robot_ws/install/robot_init/share/robot_init/package.dsv
-- Up-to-date symlink: /home/ubuntu/rb3302_final_proj_code/robot_ws/install/robot_init/share/ament_index/resource_index/packages/robot_init
-- Up-to-date symlink: /home/ubuntu/rb3302_final_proj_code/robot_ws/install/robot_init/share/robot_init/cmake/robot_initConfig.cmake
-- Up-to-date symlink: /home/ubuntu/rb3302_final_proj_code/robot_ws/install/robot_init/share/robot_init/cmake/robot_initConfig-version.cmake
-- Up-to-date symlink: /home/ubuntu/rb3302_final_proj_code/robot_ws/install/robot_init/share/robot_init/package.xml
