[0.160s] DEBUG:colcon:Command line arguments: ['/usr/bin/colcon', 'build', '--symlink-install']
[0.160s] DEBUG:colcon:Parsed command line arguments: Namespace(log_base=None, log_level=None, verb_name='build', build_base='build', install_base='install', merge_install=False, symlink_install=True, test_result_base=None, continue_on_error=False, executor='parallel', parallel_workers=8, event_handlers=None, ignore_user_meta=False, metas=['./colcon.meta'], base_paths=['.'], packages_ignore=None, packages_ignore_regex=None, paths=None, packages_up_to=None, packages_up_to_regex=None, packages_above=None, packages_above_and_dependencies=None, packages_above_depth=None, packages_select_by_dep=None, packages_skip_by_dep=None, packages_skip_up_to=None, packages_select_build_failed=False, packages_skip_build_finished=False, packages_select_test_failures=False, packages_skip_test_passed=False, packages_select=None, packages_skip=None, packages_select_regex=None, packages_skip_regex=None, packages_start=None, packages_end=None, allow_overriding=[], cmake_args=None, cmake_target=None, cmake_target_skip_unavailable=False, cmake_clean_cache=False, cmake_clean_first=False, cmake_force_configure=False, ament_cmake_args=None, catkin_cmake_args=None, catkin_skip_building_tests=False, mixin_files=None, mixin=None, verb_parser=<colcon_mixin.mixin.mixin_argument.MixinArgumentDecorator object at 0xffffa8c510a0>, verb_extension=<colcon_core.verb.build.BuildVerb object at 0xffffa834c500>, main=<bound method BuildVerb.main of <colcon_core.verb.build.BuildVerb object at 0xffffa834c500>>, mixin_verb=('build',))
[0.217s] Level 1:colcon.colcon_core.package_discovery:discover_packages(colcon_meta) check parameters
[0.218s] Level 1:colcon.colcon_core.package_discovery:discover_packages(recursive) check parameters
[0.218s] Level 1:colcon.colcon_core.package_discovery:discover_packages(ignore) check parameters
[0.218s] Level 1:colcon.colcon_core.package_discovery:discover_packages(path) check parameters
[0.218s] Level 1:colcon.colcon_core.package_discovery:discover_packages(colcon_meta) discover
[0.218s] Level 1:colcon.colcon_core.package_discovery:discover_packages(recursive) discover
[0.218s] INFO:colcon.colcon_core.package_discovery:Crawling recursively for packages in '/home/ubuntu/rb3302_final_proj_code/student_ws'
[0.218s] Level 1:colcon.colcon_core.package_identification:_identify(.) by extensions ['ignore', 'ignore_ament_install']
[0.218s] Level 1:colcon.colcon_core.package_identification:_identify(.) by extension 'ignore'
[0.218s] Level 1:colcon.colcon_core.package_identification:_identify(.) by extension 'ignore_ament_install'
[0.219s] Level 1:colcon.colcon_core.package_identification:_identify(.) by extensions ['colcon_pkg']
[0.219s] Level 1:colcon.colcon_core.package_identification:_identify(.) by extension 'colcon_pkg'
[0.219s] Level 1:colcon.colcon_core.package_identification:_identify(.) by extensions ['colcon_meta']
[0.219s] Level 1:colcon.colcon_core.package_identification:_identify(.) by extension 'colcon_meta'
[0.219s] Level 1:colcon.colcon_core.package_identification:_identify(.) by extensions ['ros']
[0.219s] Level 1:colcon.colcon_core.package_identification:_identify(.) by extension 'ros'
[0.255s] Level 1:colcon.colcon_core.package_identification:_identify(.) by extensions ['cmake', 'python']
[0.255s] Level 1:colcon.colcon_core.package_identification:_identify(.) by extension 'cmake'
[0.256s] Level 1:colcon.colcon_core.package_identification:_identify(.) by extension 'python'
[0.256s] Level 1:colcon.colcon_core.package_identification:_identify(.) by extensions ['python_setup_py']
[0.256s] Level 1:colcon.colcon_core.package_identification:_identify(.) by extension 'python_setup_py'
[0.256s] Level 1:colcon.colcon_core.package_identification:_identify(build) by extensions ['ignore', 'ignore_ament_install']
[0.256s] Level 1:colcon.colcon_core.package_identification:_identify(build) by extension 'ignore'
[0.256s] Level 1:colcon.colcon_core.package_identification:_identify(build) ignored
[0.256s] Level 1:colcon.colcon_core.package_identification:_identify(images) by extensions ['ignore', 'ignore_ament_install']
[0.256s] Level 1:colcon.colcon_core.package_identification:_identify(images) by extension 'ignore'
[0.257s] Level 1:colcon.colcon_core.package_identification:_identify(images) by extension 'ignore_ament_install'
[0.257s] Level 1:colcon.colcon_core.package_identification:_identify(images) by extensions ['colcon_pkg']
[0.257s] Level 1:colcon.colcon_core.package_identification:_identify(images) by extension 'colcon_pkg'
[0.257s] Level 1:colcon.colcon_core.package_identification:_identify(images) by extensions ['colcon_meta']
[0.257s] Level 1:colcon.colcon_core.package_identification:_identify(images) by extension 'colcon_meta'
[0.257s] Level 1:colcon.colcon_core.package_identification:_identify(images) by extensions ['ros']
[0.257s] Level 1:colcon.colcon_core.package_identification:_identify(images) by extension 'ros'
[0.257s] Level 1:colcon.colcon_core.package_identification:_identify(images) by extensions ['cmake', 'python']
[0.257s] Level 1:colcon.colcon_core.package_identification:_identify(images) by extension 'cmake'
[0.257s] Level 1:colcon.colcon_core.package_identification:_identify(images) by extension 'python'
[0.257s] Level 1:colcon.colcon_core.package_identification:_identify(images) by extensions ['python_setup_py']
[0.257s] Level 1:colcon.colcon_core.package_identification:_identify(images) by extension 'python_setup_py'
[0.257s] Level 1:colcon.colcon_core.package_identification:_identify(install) by extensions ['ignore', 'ignore_ament_install']
[0.258s] Level 1:colcon.colcon_core.package_identification:_identify(install) by extension 'ignore'
[0.258s] Level 1:colcon.colcon_core.package_identification:_identify(install) ignored
[0.258s] Level 1:colcon.colcon_core.package_identification:_identify(log) by extensions ['ignore', 'ignore_ament_install']
[0.258s] Level 1:colcon.colcon_core.package_identification:_identify(log) by extension 'ignore'
[0.258s] Level 1:colcon.colcon_core.package_identification:_identify(log) ignored
[0.258s] Level 1:colcon.colcon_core.package_identification:_identify(maps) by extensions ['ignore', 'ignore_ament_install']
[0.258s] Level 1:colcon.colcon_core.package_identification:_identify(maps) by extension 'ignore'
[0.258s] Level 1:colcon.colcon_core.package_identification:_identify(maps) by extension 'ignore_ament_install'
[0.258s] Level 1:colcon.colcon_core.package_identification:_identify(maps) by extensions ['colcon_pkg']
[0.258s] Level 1:colcon.colcon_core.package_identification:_identify(maps) by extension 'colcon_pkg'
[0.259s] Level 1:colcon.colcon_core.package_identification:_identify(maps) by extensions ['colcon_meta']
[0.259s] Level 1:colcon.colcon_core.package_identification:_identify(maps) by extension 'colcon_meta'
[0.259s] Level 1:colcon.colcon_core.package_identification:_identify(maps) by extensions ['ros']
[0.259s] Level 1:colcon.colcon_core.package_identification:_identify(maps) by extension 'ros'
[0.259s] Level 1:colcon.colcon_core.package_identification:_identify(maps) by extensions ['cmake', 'python']
[0.259s] Level 1:colcon.colcon_core.package_identification:_identify(maps) by extension 'cmake'
[0.259s] Level 1:colcon.colcon_core.package_identification:_identify(maps) by extension 'python'
[0.259s] Level 1:colcon.colcon_core.package_identification:_identify(maps) by extensions ['python_setup_py']
[0.259s] Level 1:colcon.colcon_core.package_identification:_identify(maps) by extension 'python_setup_py'
[0.259s] Level 1:colcon.colcon_core.package_identification:_identify(src) by extensions ['ignore', 'ignore_ament_install']
[0.259s] Level 1:colcon.colcon_core.package_identification:_identify(src) by extension 'ignore'
[0.259s] Level 1:colcon.colcon_core.package_identification:_identify(src) by extension 'ignore_ament_install'
[0.260s] Level 1:colcon.colcon_core.package_identification:_identify(src) by extensions ['colcon_pkg']
[0.260s] Level 1:colcon.colcon_core.package_identification:_identify(src) by extension 'colcon_pkg'
[0.260s] Level 1:colcon.colcon_core.package_identification:_identify(src) by extensions ['colcon_meta']
[0.260s] Level 1:colcon.colcon_core.package_identification:_identify(src) by extension 'colcon_meta'
[0.260s] Level 1:colcon.colcon_core.package_identification:_identify(src) by extensions ['ros']
[0.260s] Level 1:colcon.colcon_core.package_identification:_identify(src) by extension 'ros'
[0.260s] Level 1:colcon.colcon_core.package_identification:_identify(src) by extensions ['cmake', 'python']
[0.260s] Level 1:colcon.colcon_core.package_identification:_identify(src) by extension 'cmake'
[0.260s] Level 1:colcon.colcon_core.package_identification:_identify(src) by extension 'python'
[0.260s] Level 1:colcon.colcon_core.package_identification:_identify(src) by extensions ['python_setup_py']
[0.260s] Level 1:colcon.colcon_core.package_identification:_identify(src) by extension 'python_setup_py'
[0.260s] Level 1:colcon.colcon_core.package_identification:_identify(src/mapping_cartographer) by extensions ['ignore', 'ignore_ament_install']
[0.260s] Level 1:colcon.colcon_core.package_identification:_identify(src/mapping_cartographer) by extension 'ignore'
[0.260s] Level 1:colcon.colcon_core.package_identification:_identify(src/mapping_cartographer) by extension 'ignore_ament_install'
[0.261s] Level 1:colcon.colcon_core.package_identification:_identify(src/mapping_cartographer) by extensions ['colcon_pkg']
[0.261s] Level 1:colcon.colcon_core.package_identification:_identify(src/mapping_cartographer) by extension 'colcon_pkg'
[0.261s] Level 1:colcon.colcon_core.package_identification:_identify(src/mapping_cartographer) by extensions ['colcon_meta']
[0.261s] Level 1:colcon.colcon_core.package_identification:_identify(src/mapping_cartographer) by extension 'colcon_meta'
[0.261s] Level 1:colcon.colcon_core.package_identification:_identify(src/mapping_cartographer) by extensions ['ros']
[0.261s] Level 1:colcon.colcon_core.package_identification:_identify(src/mapping_cartographer) by extension 'ros'
[0.265s] DEBUG:colcon.colcon_core.package_identification:Package 'src/mapping_cartographer' with type 'ros.ament_python' and name 'mapping_cartographer'
[0.265s] Level 1:colcon.colcon_core.package_identification:_identify(src/planning_astar) by extensions ['ignore', 'ignore_ament_install']
[0.265s] Level 1:colcon.colcon_core.package_identification:_identify(src/planning_astar) by extension 'ignore'
[0.266s] Level 1:colcon.colcon_core.package_identification:_identify(src/planning_astar) by extension 'ignore_ament_install'
[0.266s] Level 1:colcon.colcon_core.package_identification:_identify(src/planning_astar) by extensions ['colcon_pkg']
[0.266s] Level 1:colcon.colcon_core.package_identification:_identify(src/planning_astar) by extension 'colcon_pkg'
[0.266s] Level 1:colcon.colcon_core.package_identification:_identify(src/planning_astar) by extensions ['colcon_meta']
[0.266s] Level 1:colcon.colcon_core.package_identification:_identify(src/planning_astar) by extension 'colcon_meta'
[0.266s] Level 1:colcon.colcon_core.package_identification:_identify(src/planning_astar) by extensions ['ros']
[0.266s] Level 1:colcon.colcon_core.package_identification:_identify(src/planning_astar) by extension 'ros'
[0.268s] DEBUG:colcon.colcon_core.package_identification:Package 'src/planning_astar' with type 'ros.ament_cmake' and name 'planning_astar'
[0.268s] Level 1:colcon.colcon_core.package_identification:_identify(src/planning_rpp) by extensions ['ignore', 'ignore_ament_install']
[0.268s] Level 1:colcon.colcon_core.package_identification:_identify(src/planning_rpp) by extension 'ignore'
[0.268s] Level 1:colcon.colcon_core.package_identification:_identify(src/planning_rpp) by extension 'ignore_ament_install'
[0.268s] Level 1:colcon.colcon_core.package_identification:_identify(src/planning_rpp) by extensions ['colcon_pkg']
[0.268s] Level 1:colcon.colcon_core.package_identification:_identify(src/planning_rpp) by extension 'colcon_pkg'
[0.268s] Level 1:colcon.colcon_core.package_identification:_identify(src/planning_rpp) by extensions ['colcon_meta']
[0.269s] Level 1:colcon.colcon_core.package_identification:_identify(src/planning_rpp) by extension 'colcon_meta'
[0.269s] Level 1:colcon.colcon_core.package_identification:_identify(src/planning_rpp) by extensions ['ros']
[0.269s] Level 1:colcon.colcon_core.package_identification:_identify(src/planning_rpp) by extension 'ros'
[0.270s] DEBUG:colcon.colcon_core.package_identification:Package 'src/planning_rpp' with type 'ros.ament_cmake' and name 'planning_rpp'
[0.270s] Level 1:colcon.colcon_core.package_discovery:discover_packages(recursive) using defaults
[0.271s] Level 1:colcon.colcon_core.package_discovery:discover_packages(ignore) discover
[0.271s] Level 1:colcon.colcon_core.package_discovery:discover_packages(ignore) using defaults
[0.271s] Level 1:colcon.colcon_core.package_discovery:discover_packages(path) discover
[0.271s] Level 1:colcon.colcon_core.package_discovery:discover_packages(path) using defaults
[0.297s] Level 1:colcon.colcon_core.package_discovery:discover_packages(prefix_path) check parameters
[0.297s] Level 1:colcon.colcon_core.package_discovery:discover_packages(prefix_path) discover
[0.301s] DEBUG:colcon.colcon_installed_package_information.package_discovery:Found 386 installed packages in /opt/ros/jazzy
[0.303s] Level 1:colcon.colcon_core.package_discovery:discover_packages(prefix_path) using defaults
[0.378s] Level 5:colcon.colcon_core.verb:set package 'mapping_cartographer' build argument 'cmake_args' from command line to 'None'
[0.378s] Level 5:colcon.colcon_core.verb:set package 'mapping_cartographer' build argument 'cmake_target' from command line to 'None'
[0.378s] Level 5:colcon.colcon_core.verb:set package 'mapping_cartographer' build argument 'cmake_target_skip_unavailable' from command line to 'False'
[0.378s] Level 5:colcon.colcon_core.verb:set package 'mapping_cartographer' build argument 'cmake_clean_cache' from command line to 'False'
[0.378s] Level 5:colcon.colcon_core.verb:set package 'mapping_cartographer' build argument 'cmake_clean_first' from command line to 'False'
[0.378s] Level 5:colcon.colcon_core.verb:set package 'mapping_cartographer' build argument 'cmake_force_configure' from command line to 'False'
[0.378s] Level 5:colcon.colcon_core.verb:set package 'mapping_cartographer' build argument 'ament_cmake_args' from command line to 'None'
[0.378s] Level 5:colcon.colcon_core.verb:set package 'mapping_cartographer' build argument 'catkin_cmake_args' from command line to 'None'
[0.378s] Level 5:colcon.colcon_core.verb:set package 'mapping_cartographer' build argument 'catkin_skip_building_tests' from command line to 'False'
[0.378s] DEBUG:colcon.colcon_core.verb:Building package 'mapping_cartographer' with the following arguments: {'ament_cmake_args': None, 'build_base': '/home/ubuntu/rb3302_final_proj_code/student_ws/build/mapping_cartographer', 'catkin_cmake_args': None, 'catkin_skip_building_tests': False, 'cmake_args': None, 'cmake_clean_cache': False, 'cmake_clean_first': False, 'cmake_force_configure': False, 'cmake_target': None, 'cmake_target_skip_unavailable': False, 'install_base': '/home/ubuntu/rb3302_final_proj_code/student_ws/install/mapping_cartographer', 'merge_install': False, 'path': '/home/ubuntu/rb3302_final_proj_code/student_ws/src/mapping_cartographer', 'symlink_install': True, 'test_result_base': None}
[0.379s] Level 5:colcon.colcon_core.verb:set package 'planning_astar' build argument 'cmake_args' from command line to 'None'
[0.379s] Level 5:colcon.colcon_core.verb:set package 'planning_astar' build argument 'cmake_target' from command line to 'None'
[0.379s] Level 5:colcon.colcon_core.verb:set package 'planning_astar' build argument 'cmake_target_skip_unavailable' from command line to 'False'
[0.379s] Level 5:colcon.colcon_core.verb:set package 'planning_astar' build argument 'cmake_clean_cache' from command line to 'False'
[0.379s] Level 5:colcon.colcon_core.verb:set package 'planning_astar' build argument 'cmake_clean_first' from command line to 'False'
[0.379s] Level 5:colcon.colcon_core.verb:set package 'planning_astar' build argument 'cmake_force_configure' from command line to 'False'
[0.379s] Level 5:colcon.colcon_core.verb:set package 'planning_astar' build argument 'ament_cmake_args' from command line to 'None'
[0.379s] Level 5:colcon.colcon_core.verb:set package 'planning_astar' build argument 'catkin_cmake_args' from command line to 'None'
[0.379s] Level 5:colcon.colcon_core.verb:set package 'planning_astar' build argument 'catkin_skip_building_tests' from command line to 'False'
[0.379s] DEBUG:colcon.colcon_core.verb:Building package 'planning_astar' with the following arguments: {'ament_cmake_args': None, 'build_base': '/home/ubuntu/rb3302_final_proj_code/student_ws/build/planning_astar', 'catkin_cmake_args': None, 'catkin_skip_building_tests': False, 'cmake_args': None, 'cmake_clean_cache': False, 'cmake_clean_first': False, 'cmake_force_configure': False, 'cmake_target': None, 'cmake_target_skip_unavailable': False, 'install_base': '/home/ubuntu/rb3302_final_proj_code/student_ws/install/planning_astar', 'merge_install': False, 'path': '/home/ubuntu/rb3302_final_proj_code/student_ws/src/planning_astar', 'symlink_install': True, 'test_result_base': None}
[0.379s] Level 5:colcon.colcon_core.verb:set package 'planning_rpp' build argument 'cmake_args' from command line to 'None'
[0.380s] Level 5:colcon.colcon_core.verb:set package 'planning_rpp' build argument 'cmake_target' from command line to 'None'
[0.380s] Level 5:colcon.colcon_core.verb:set package 'planning_rpp' build argument 'cmake_target_skip_unavailable' from command line to 'False'
[0.380s] Level 5:colcon.colcon_core.verb:set package 'planning_rpp' build argument 'cmake_clean_cache' from command line to 'False'
[0.380s] Level 5:colcon.colcon_core.verb:set package 'planning_rpp' build argument 'cmake_clean_first' from command line to 'False'
[0.380s] Level 5:colcon.colcon_core.verb:set package 'planning_rpp' build argument 'cmake_force_configure' from command line to 'False'
[0.380s] Level 5:colcon.colcon_core.verb:set package 'planning_rpp' build argument 'ament_cmake_args' from command line to 'None'
[0.380s] Level 5:colcon.colcon_core.verb:set package 'planning_rpp' build argument 'catkin_cmake_args' from command line to 'None'
[0.380s] Level 5:colcon.colcon_core.verb:set package 'planning_rpp' build argument 'catkin_skip_building_tests' from command line to 'False'
[0.380s] DEBUG:colcon.colcon_core.verb:Building package 'planning_rpp' with the following arguments: {'ament_cmake_args': None, 'build_base': '/home/ubuntu/rb3302_final_proj_code/student_ws/build/planning_rpp', 'catkin_cmake_args': None, 'catkin_skip_building_tests': False, 'cmake_args': None, 'cmake_clean_cache': False, 'cmake_clean_first': False, 'cmake_force_configure': False, 'cmake_target': None, 'cmake_target_skip_unavailable': False, 'install_base': '/home/ubuntu/rb3302_final_proj_code/student_ws/install/planning_rpp', 'merge_install': False, 'path': '/home/ubuntu/rb3302_final_proj_code/student_ws/src/planning_rpp', 'symlink_install': True, 'test_result_base': None}
[0.380s] INFO:colcon.colcon_core.executor:Executing jobs using 'parallel' executor
[0.381s] DEBUG:colcon.colcon_parallel_executor.executor.parallel:run_until_complete
[0.382s] INFO:colcon.colcon_ros.task.ament_python.build:Building ROS package in '/home/ubuntu/rb3302_final_proj_code/student_ws/src/mapping_cartographer' with build type 'ament_python'
[0.382s] Level 1:colcon.colcon_core.shell:create_environment_hook('mapping_cartographer', 'ament_prefix_path')
[0.386s] INFO:colcon.colcon_core.plugin_system:Skipping extension 'colcon_core.shell.bat': Not used on non-Windows systems
[0.386s] INFO:colcon.colcon_core.shell:Creating environment hook '/home/ubuntu/rb3302_final_proj_code/student_ws/install/mapping_cartographer/share/mapping_cartographer/hook/ament_prefix_path.ps1'
[0.387s] INFO:colcon.colcon_core.shell:Creating environment descriptor '/home/ubuntu/rb3302_final_proj_code/student_ws/install/mapping_cartographer/share/mapping_cartographer/hook/ament_prefix_path.dsv'
[0.388s] INFO:colcon.colcon_core.shell:Creating environment hook '/home/ubuntu/rb3302_final_proj_code/student_ws/install/mapping_cartographer/share/mapping_cartographer/hook/ament_prefix_path.sh'
[0.389s] INFO:colcon.colcon_core.shell:Skip shell extension 'powershell' for command environment: Not usable outside of PowerShell
[0.389s] DEBUG:colcon.colcon_core.shell:Skip shell extension 'dsv' for command environment
[0.394s] INFO:colcon.colcon_ros.task.ament_cmake.build:Building ROS package in '/home/ubuntu/rb3302_final_proj_code/student_ws/src/planning_astar' with build type 'ament_cmake'
[0.394s] INFO:colcon.colcon_cmake.task.cmake.build:Building CMake package in '/home/ubuntu/rb3302_final_proj_code/student_ws/src/planning_astar'
[0.395s] INFO:colcon.colcon_core.shell:Skip shell extension 'powershell' for command environment: Not usable outside of PowerShell
[0.395s] DEBUG:colcon.colcon_core.shell:Skip shell extension 'dsv' for command environment
[0.400s] INFO:colcon.colcon_ros.task.ament_cmake.build:Building ROS package in '/home/ubuntu/rb3302_final_proj_code/student_ws/src/planning_rpp' with build type 'ament_cmake'
[0.400s] INFO:colcon.colcon_cmake.task.cmake.build:Building CMake package in '/home/ubuntu/rb3302_final_proj_code/student_ws/src/planning_rpp'
[0.400s] INFO:colcon.colcon_core.shell:Skip shell extension 'powershell' for command environment: Not usable outside of PowerShell
[0.400s] DEBUG:colcon.colcon_core.shell:Skip shell extension 'dsv' for command environment
[0.740s] INFO:colcon.colcon_core.task.python.build:Building Python package in '/home/ubuntu/rb3302_final_proj_code/student_ws/src/mapping_cartographer'
[0.740s] INFO:colcon.colcon_core.shell:Skip shell extension 'powershell' for command environment: Not usable outside of PowerShell
[0.740s] DEBUG:colcon.colcon_core.shell:Skip shell extension 'dsv' for command environment
[0.765s] DEBUG:colcon.colcon_core.event_handler.log_command:Invoking command in '/home/ubuntu/rb3302_final_proj_code/student_ws/build/planning_astar': CMAKE_PREFIX_PATH=${CMAKE_PREFIX_PATH}:/opt/ros/jazzy /usr/bin/cmake --build /home/ubuntu/rb3302_final_proj_code/student_ws/build/planning_astar -- -j8 -l8
[0.782s] DEBUG:colcon.colcon_core.event_handler.log_command:Invoking command in '/home/ubuntu/rb3302_final_proj_code/student_ws/build/planning_rpp': CMAKE_PREFIX_PATH=${CMAKE_PREFIX_PATH}:/opt/ros/jazzy /usr/bin/cmake --build /home/ubuntu/rb3302_final_proj_code/student_ws/build/planning_rpp -- -j8 -l8
[0.888s] DEBUG:colcon.colcon_core.event_handler.log_command:Invoked command in '/home/ubuntu/rb3302_final_proj_code/student_ws/build/planning_astar' returned '0': CMAKE_PREFIX_PATH=${CMAKE_PREFIX_PATH}:/opt/ros/jazzy /usr/bin/cmake --build /home/ubuntu/rb3302_final_proj_code/student_ws/build/planning_astar -- -j8 -l8
[0.924s] DEBUG:colcon.colcon_core.event_handler.log_command:Invoking command in '/home/ubuntu/rb3302_final_proj_code/student_ws/build/planning_astar': CMAKE_PREFIX_PATH=${CMAKE_PREFIX_PATH}:/opt/ros/jazzy /usr/bin/cmake --install /home/ubuntu/rb3302_final_proj_code/student_ws/build/planning_astar
[0.927s] DEBUG:colcon.colcon_core.event_handler.log_command:Invoked command in '/home/ubuntu/rb3302_final_proj_code/student_ws/build/planning_rpp' returned '0': CMAKE_PREFIX_PATH=${CMAKE_PREFIX_PATH}:/opt/ros/jazzy /usr/bin/cmake --build /home/ubuntu/rb3302_final_proj_code/student_ws/build/planning_rpp -- -j8 -l8
[0.930s] DEBUG:colcon.colcon_core.event_handler.log_command:Invoking command in '/home/ubuntu/rb3302_final_proj_code/student_ws/build/planning_rpp': CMAKE_PREFIX_PATH=${CMAKE_PREFIX_PATH}:/opt/ros/jazzy /usr/bin/cmake --install /home/ubuntu/rb3302_final_proj_code/student_ws/build/planning_rpp
[0.980s] Level 1:colcon.colcon_core.environment:create_environment_scripts_only(planning_rpp)
[0.982s] DEBUG:colcon.colcon_core.event_handler.log_command:Invoked command in '/home/ubuntu/rb3302_final_proj_code/student_ws/build/planning_rpp' returned '0': CMAKE_PREFIX_PATH=${CMAKE_PREFIX_PATH}:/opt/ros/jazzy /usr/bin/cmake --install /home/ubuntu/rb3302_final_proj_code/student_ws/build/planning_rpp
[1.002s] Level 1:colcon.colcon_core.environment:checking '/home/ubuntu/rb3302_final_proj_code/student_ws/install/planning_rpp' for CMake module files
[1.006s] Level 1:colcon.colcon_core.environment:checking '/home/ubuntu/rb3302_final_proj_code/student_ws/install/planning_rpp' for CMake config files
[1.009s] Level 1:colcon.colcon_core.shell:create_environment_hook('planning_rpp', 'cmake_prefix_path')
[1.011s] INFO:colcon.colcon_core.shell:Creating environment hook '/home/ubuntu/rb3302_final_proj_code/student_ws/install/planning_rpp/share/planning_rpp/hook/cmake_prefix_path.ps1'
[1.014s] INFO:colcon.colcon_core.shell:Creating environment descriptor '/home/ubuntu/rb3302_final_proj_code/student_ws/install/planning_rpp/share/planning_rpp/hook/cmake_prefix_path.dsv'
[1.016s] INFO:colcon.colcon_core.shell:Creating environment hook '/home/ubuntu/rb3302_final_proj_code/student_ws/install/planning_rpp/share/planning_rpp/hook/cmake_prefix_path.sh'
[1.020s] Level 1:colcon.colcon_core.environment:checking '/home/ubuntu/rb3302_final_proj_code/student_ws/install/planning_rpp/bin'
[1.020s] Level 1:colcon.colcon_core.environment:checking '/home/ubuntu/rb3302_final_proj_code/student_ws/install/planning_rpp/lib/pkgconfig/planning_rpp.pc'
[1.021s] Level 1:colcon.colcon_core.environment:checking '/home/ubuntu/rb3302_final_proj_code/student_ws/install/planning_rpp/lib/python3.12/site-packages'
[1.024s] Level 1:colcon.colcon_core.environment:checking '/home/ubuntu/rb3302_final_proj_code/student_ws/install/planning_rpp/bin'
[1.026s] INFO:colcon.colcon_core.shell:Creating package script '/home/ubuntu/rb3302_final_proj_code/student_ws/install/planning_rpp/share/planning_rpp/package.ps1'
[1.032s] INFO:colcon.colcon_core.shell:Creating package descriptor '/home/ubuntu/rb3302_final_proj_code/student_ws/install/planning_rpp/share/planning_rpp/package.dsv'
[1.034s] INFO:colcon.colcon_core.shell:Creating package script '/home/ubuntu/rb3302_final_proj_code/student_ws/install/planning_rpp/share/planning_rpp/package.sh'
[1.038s] INFO:colcon.colcon_core.shell:Creating package script '/home/ubuntu/rb3302_final_proj_code/student_ws/install/planning_rpp/share/planning_rpp/package.bash'
[1.041s] INFO:colcon.colcon_core.shell:Creating package script '/home/ubuntu/rb3302_final_proj_code/student_ws/install/planning_rpp/share/planning_rpp/package.zsh'
[1.044s] Level 1:colcon.colcon_core.environment:create_file_with_runtime_dependencies(/home/ubuntu/rb3302_final_proj_code/student_ws/install/planning_rpp/share/colcon-core/packages/planning_rpp)
[1.047s] Level 1:colcon.colcon_core.environment:create_environment_scripts_only(planning_rpp)
[1.048s] Level 1:colcon.colcon_core.environment:checking '/home/ubuntu/rb3302_final_proj_code/student_ws/install/planning_rpp' for CMake module files
[1.049s] Level 1:colcon.colcon_core.environment:checking '/home/ubuntu/rb3302_final_proj_code/student_ws/install/planning_rpp' for CMake config files
[1.050s] Level 1:colcon.colcon_core.shell:create_environment_hook('planning_rpp', 'cmake_prefix_path')
[1.050s] INFO:colcon.colcon_core.shell:Creating environment hook '/home/ubuntu/rb3302_final_proj_code/student_ws/install/planning_rpp/share/planning_rpp/hook/cmake_prefix_path.ps1'
[1.051s] INFO:colcon.colcon_core.shell:Creating environment descriptor '/home/ubuntu/rb3302_final_proj_code/student_ws/install/planning_rpp/share/planning_rpp/hook/cmake_prefix_path.dsv'
[1.052s] INFO:colcon.colcon_core.shell:Creating environment hook '/home/ubuntu/rb3302_final_proj_code/student_ws/install/planning_rpp/share/planning_rpp/hook/cmake_prefix_path.sh'
[1.053s] Level 1:colcon.colcon_core.environment:checking '/home/ubuntu/rb3302_final_proj_code/student_ws/install/planning_rpp/bin'
[1.053s] Level 1:colcon.colcon_core.environment:checking '/home/ubuntu/rb3302_final_proj_code/student_ws/install/planning_rpp/lib/pkgconfig/planning_rpp.pc'
[1.053s] Level 1:colcon.colcon_core.environment:checking '/home/ubuntu/rb3302_final_proj_code/student_ws/install/planning_rpp/lib/python3.12/site-packages'
[1.054s] Level 1:colcon.colcon_core.environment:checking '/home/ubuntu/rb3302_final_proj_code/student_ws/install/planning_rpp/bin'
[1.054s] INFO:colcon.colcon_core.shell:Creating package script '/home/ubuntu/rb3302_final_proj_code/student_ws/install/planning_rpp/share/planning_rpp/package.ps1'
[1.055s] INFO:colcon.colcon_core.shell:Creating package descriptor '/home/ubuntu/rb3302_final_proj_code/student_ws/install/planning_rpp/share/planning_rpp/package.dsv'
[1.056s] INFO:colcon.colcon_core.shell:Creating package script '/home/ubuntu/rb3302_final_proj_code/student_ws/install/planning_rpp/share/planning_rpp/package.sh'
[1.057s] INFO:colcon.colcon_core.shell:Creating package script '/home/ubuntu/rb3302_final_proj_code/student_ws/install/planning_rpp/share/planning_rpp/package.bash'
[1.057s] INFO:colcon.colcon_core.shell:Creating package script '/home/ubuntu/rb3302_final_proj_code/student_ws/install/planning_rpp/share/planning_rpp/package.zsh'
[1.058s] Level 1:colcon.colcon_core.environment:create_file_with_runtime_dependencies(/home/ubuntu/rb3302_final_proj_code/student_ws/install/planning_rpp/share/colcon-core/packages/planning_rpp)
[1.060s] Level 1:colcon.colcon_core.environment:create_environment_scripts_only(planning_astar)
[1.061s] Level 1:colcon.colcon_core.environment:checking '/home/ubuntu/rb3302_final_proj_code/student_ws/install/planning_astar' for CMake module files
[1.061s] DEBUG:colcon.colcon_core.event_handler.log_command:Invoked command in '/home/ubuntu/rb3302_final_proj_code/student_ws/build/planning_astar' returned '0': CMAKE_PREFIX_PATH=${CMAKE_PREFIX_PATH}:/opt/ros/jazzy /usr/bin/cmake --install /home/ubuntu/rb3302_final_proj_code/student_ws/build/planning_astar
[1.062s] Level 1:colcon.colcon_core.environment:checking '/home/ubuntu/rb3302_final_proj_code/student_ws/install/planning_astar' for CMake config files
[1.062s] Level 1:colcon.colcon_core.shell:create_environment_hook('planning_astar', 'cmake_prefix_path')
[1.063s] INFO:colcon.colcon_core.shell:Creating environment hook '/home/ubuntu/rb3302_final_proj_code/student_ws/install/planning_astar/share/planning_astar/hook/cmake_prefix_path.ps1'
[1.063s] INFO:colcon.colcon_core.shell:Creating environment descriptor '/home/ubuntu/rb3302_final_proj_code/student_ws/install/planning_astar/share/planning_astar/hook/cmake_prefix_path.dsv'
[1.064s] INFO:colcon.colcon_core.shell:Creating environment hook '/home/ubuntu/rb3302_final_proj_code/student_ws/install/planning_astar/share/planning_astar/hook/cmake_prefix_path.sh'
[1.065s] Level 1:colcon.colcon_core.environment:checking '/home/ubuntu/rb3302_final_proj_code/student_ws/install/planning_astar/bin'
[1.065s] Level 1:colcon.colcon_core.environment:checking '/home/ubuntu/rb3302_final_proj_code/student_ws/install/planning_astar/lib/pkgconfig/planning_astar.pc'
[1.066s] Level 1:colcon.colcon_core.environment:checking '/home/ubuntu/rb3302_final_proj_code/student_ws/install/planning_astar/lib/python3.12/site-packages'
[1.066s] Level 1:colcon.colcon_core.environment:checking '/home/ubuntu/rb3302_final_proj_code/student_ws/install/planning_astar/bin'
[1.066s] INFO:colcon.colcon_core.shell:Creating package script '/home/ubuntu/rb3302_final_proj_code/student_ws/install/planning_astar/share/planning_astar/package.ps1'
[1.067s] INFO:colcon.colcon_core.shell:Creating package descriptor '/home/ubuntu/rb3302_final_proj_code/student_ws/install/planning_astar/share/planning_astar/package.dsv'
[1.068s] INFO:colcon.colcon_core.shell:Creating package script '/home/ubuntu/rb3302_final_proj_code/student_ws/install/planning_astar/share/planning_astar/package.sh'
[1.069s] INFO:colcon.colcon_core.shell:Creating package script '/home/ubuntu/rb3302_final_proj_code/student_ws/install/planning_astar/share/planning_astar/package.bash'
[1.069s] INFO:colcon.colcon_core.shell:Creating package script '/home/ubuntu/rb3302_final_proj_code/student_ws/install/planning_astar/share/planning_astar/package.zsh'
[1.070s] Level 1:colcon.colcon_core.environment:create_file_with_runtime_dependencies(/home/ubuntu/rb3302_final_proj_code/student_ws/install/planning_astar/share/colcon-core/packages/planning_astar)
[1.071s] Level 1:colcon.colcon_core.environment:create_environment_scripts_only(planning_astar)
[1.071s] Level 1:colcon.colcon_core.environment:checking '/home/ubuntu/rb3302_final_proj_code/student_ws/install/planning_astar' for CMake module files
[1.072s] Level 1:colcon.colcon_core.environment:checking '/home/ubuntu/rb3302_final_proj_code/student_ws/install/planning_astar' for CMake config files
[1.072s] Level 1:colcon.colcon_core.shell:create_environment_hook('planning_astar', 'cmake_prefix_path')
[1.073s] INFO:colcon.colcon_core.shell:Creating environment hook '/home/ubuntu/rb3302_final_proj_code/student_ws/install/planning_astar/share/planning_astar/hook/cmake_prefix_path.ps1'
[1.073s] INFO:colcon.colcon_core.shell:Creating environment descriptor '/home/ubuntu/rb3302_final_proj_code/student_ws/install/planning_astar/share/planning_astar/hook/cmake_prefix_path.dsv'
[1.074s] INFO:colcon.colcon_core.shell:Creating environment hook '/home/ubuntu/rb3302_final_proj_code/student_ws/install/planning_astar/share/planning_astar/hook/cmake_prefix_path.sh'
[1.075s] Level 1:colcon.colcon_core.environment:checking '/home/ubuntu/rb3302_final_proj_code/student_ws/install/planning_astar/bin'
[1.075s] Level 1:colcon.colcon_core.environment:checking '/home/ubuntu/rb3302_final_proj_code/student_ws/install/planning_astar/lib/pkgconfig/planning_astar.pc'
[1.075s] Level 1:colcon.colcon_core.environment:checking '/home/ubuntu/rb3302_final_proj_code/student_ws/install/planning_astar/lib/python3.12/site-packages'
[1.076s] Level 1:colcon.colcon_core.environment:checking '/home/ubuntu/rb3302_final_proj_code/student_ws/install/planning_astar/bin'
[1.076s] INFO:colcon.colcon_core.shell:Creating package script '/home/ubuntu/rb3302_final_proj_code/student_ws/install/planning_astar/share/planning_astar/package.ps1'
[1.077s] INFO:colcon.colcon_core.shell:Creating package descriptor '/home/ubuntu/rb3302_final_proj_code/student_ws/install/planning_astar/share/planning_astar/package.dsv'
[1.078s] INFO:colcon.colcon_core.shell:Creating package script '/home/ubuntu/rb3302_final_proj_code/student_ws/install/planning_astar/share/planning_astar/package.sh'
[1.079s] INFO:colcon.colcon_core.shell:Creating package script '/home/ubuntu/rb3302_final_proj_code/student_ws/install/planning_astar/share/planning_astar/package.bash'
[1.079s] INFO:colcon.colcon_core.shell:Creating package script '/home/ubuntu/rb3302_final_proj_code/student_ws/install/planning_astar/share/planning_astar/package.zsh'
[1.080s] Level 1:colcon.colcon_core.environment:create_file_with_runtime_dependencies(/home/ubuntu/rb3302_final_proj_code/student_ws/install/planning_astar/share/colcon-core/packages/planning_astar)
[1.718s] DEBUG:colcon.colcon_core.task.python.build:Available setuptools commands: install_scripts, register, build_ext, bdist_dumb, upload_docs, editable_wheel, saveopts, alias, bdist_rpm, clean, bdist_wheel, build_py, upload, setopt, rotate, init_catalog, bdist, build, extract_messages, install_egg_info, check, install_headers, test, bdist_egg, develop, build_scripts, install_lib, install_data, compile_catalog, dist_info, egg_info, build_clib, symlink_data, update_catalog, sdist, easy_install, install
[2.244s] DEBUG:colcon.colcon_core.task.python.build:Available setuptools 'develop' options: --egg-path, --quiet, --exclude-scripts, --verbose, --no-find-links, --index-url, --editable, --always-unzip, --allow-hosts, --uninstall, --install-dir, --no-user-cfg, --record, --dry-run, --multi-version, --build-directory, --upgrade, --version, --local-snapshots-ok, --force-installation-into-system-dir, --zip-ok, --optimize, --no-deps, --help, --site-dirs, --find-links, --user, --install-layout, --prefix, --always-copy, --script-dir
[2.260s] DEBUG:colcon.colcon_core.event_handler.log_command:Invoking command in '/home/ubuntu/rb3302_final_proj_code/student_ws/build/mapping_cartographer': PYTHONPATH=/home/ubuntu/rb3302_final_proj_code/student_ws/build/mapping_cartographer/prefix_override:/usr/lib/python3/dist-packages/colcon_core/task/python/colcon_distutils_commands:/home/ubuntu/rb3302_final_proj_code/student_ws/install/mapping_cartographer/lib/python3.12/site-packages:${PYTHONPATH} /usr/bin/python3 -W ignore:setup.py install is deprecated -W ignore:easy_install command is deprecated setup.py develop --editable --build-directory /home/ubuntu/rb3302_final_proj_code/student_ws/build/mapping_cartographer/build --no-deps symlink_data
[3.273s] Level 1:colcon.colcon_core.shell:create_environment_hook('mapping_cartographer', 'pythonpath_develop')
[3.275s] INFO:colcon.colcon_core.shell:Creating environment hook '/home/ubuntu/rb3302_final_proj_code/student_ws/build/mapping_cartographer/share/mapping_cartographer/hook/pythonpath_develop.ps1'
[3.281s] DEBUG:colcon.colcon_core.event_handler.log_command:Invoked command in '/home/ubuntu/rb3302_final_proj_code/student_ws/build/mapping_cartographer' returned '0': PYTHONPATH=/home/ubuntu/rb3302_final_proj_code/student_ws/build/mapping_cartographer/prefix_override:/usr/lib/python3/dist-packages/colcon_core/task/python/colcon_distutils_commands:/home/ubuntu/rb3302_final_proj_code/student_ws/install/mapping_cartographer/lib/python3.12/site-packages:${PYTHONPATH} /usr/bin/python3 -W ignore:setup.py install is deprecated -W ignore:easy_install command is deprecated setup.py develop --editable --build-directory /home/ubuntu/rb3302_final_proj_code/student_ws/build/mapping_cartographer/build --no-deps symlink_data
[3.283s] INFO:colcon.colcon_core.shell:Creating environment descriptor '/home/ubuntu/rb3302_final_proj_code/student_ws/build/mapping_cartographer/share/mapping_cartographer/hook/pythonpath_develop.dsv'
[3.286s] INFO:colcon.colcon_core.shell:Creating environment hook '/home/ubuntu/rb3302_final_proj_code/student_ws/build/mapping_cartographer/share/mapping_cartographer/hook/pythonpath_develop.sh'
[3.291s] Level 1:colcon.colcon_core.environment:checking '/home/ubuntu/rb3302_final_proj_code/student_ws/install/mapping_cartographer' for CMake module files
[3.296s] Level 1:colcon.colcon_core.environment:checking '/home/ubuntu/rb3302_final_proj_code/student_ws/install/mapping_cartographer' for CMake config files
[3.300s] Level 1:colcon.colcon_core.environment:checking '/home/ubuntu/rb3302_final_proj_code/student_ws/install/mapping_cartographer/lib'
[3.301s] Level 1:colcon.colcon_core.environment:checking '/home/ubuntu/rb3302_final_proj_code/student_ws/install/mapping_cartographer/bin'
[3.302s] Level 1:colcon.colcon_core.environment:checking '/home/ubuntu/rb3302_final_proj_code/student_ws/install/mapping_cartographer/lib/pkgconfig/mapping_cartographer.pc'
[3.304s] Level 1:colcon.colcon_core.environment:checking '/home/ubuntu/rb3302_final_proj_code/student_ws/install/mapping_cartographer/lib/python3.12/site-packages'
[3.305s] Level 1:colcon.colcon_core.shell:create_environment_hook('mapping_cartographer', 'pythonpath')
[3.306s] INFO:colcon.colcon_core.shell:Creating environment hook '/home/ubuntu/rb3302_final_proj_code/student_ws/install/mapping_cartographer/share/mapping_cartographer/hook/pythonpath.ps1'
[3.309s] INFO:colcon.colcon_core.shell:Creating environment descriptor '/home/ubuntu/rb3302_final_proj_code/student_ws/install/mapping_cartographer/share/mapping_cartographer/hook/pythonpath.dsv'
[3.312s] INFO:colcon.colcon_core.shell:Creating environment hook '/home/ubuntu/rb3302_final_proj_code/student_ws/install/mapping_cartographer/share/mapping_cartographer/hook/pythonpath.sh'
[3.318s] Level 1:colcon.colcon_core.environment:checking '/home/ubuntu/rb3302_final_proj_code/student_ws/install/mapping_cartographer/bin'
[3.318s] Level 1:colcon.colcon_core.environment:create_environment_scripts_only(mapping_cartographer)
[3.321s] INFO:colcon.colcon_core.shell:Creating package script '/home/ubuntu/rb3302_final_proj_code/student_ws/install/mapping_cartographer/share/mapping_cartographer/package.ps1'
[3.327s] INFO:colcon.colcon_core.shell:Creating package descriptor '/home/ubuntu/rb3302_final_proj_code/student_ws/install/mapping_cartographer/share/mapping_cartographer/package.dsv'
[3.330s] INFO:colcon.colcon_core.shell:Creating package script '/home/ubuntu/rb3302_final_proj_code/student_ws/install/mapping_cartographer/share/mapping_cartographer/package.sh'
[3.332s] INFO:colcon.colcon_core.shell:Creating package script '/home/ubuntu/rb3302_final_proj_code/student_ws/install/mapping_cartographer/share/mapping_cartographer/package.bash'
[3.334s] INFO:colcon.colcon_core.shell:Creating package script '/home/ubuntu/rb3302_final_proj_code/student_ws/install/mapping_cartographer/share/mapping_cartographer/package.zsh'
[3.336s] Level 1:colcon.colcon_core.environment:create_file_with_runtime_dependencies(/home/ubuntu/rb3302_final_proj_code/student_ws/install/mapping_cartographer/share/colcon-core/packages/mapping_cartographer)
[3.337s] DEBUG:colcon.colcon_parallel_executor.executor.parallel:closing loop
[3.338s] DEBUG:colcon.colcon_parallel_executor.executor.parallel:loop closed
[3.339s] DEBUG:colcon.colcon_parallel_executor.executor.parallel:run_until_complete finished with '0'
[3.339s] DEBUG:colcon.colcon_core.event_reactor:joining thread
[3.347s] DEBUG:colcon.colcon_core.event_reactor:joined thread
[3.348s] INFO:colcon.colcon_core.shell:Creating prefix script '/home/ubuntu/rb3302_final_proj_code/student_ws/install/local_setup.ps1'
[3.353s] INFO:colcon.colcon_core.shell:Creating prefix util module '/home/ubuntu/rb3302_final_proj_code/student_ws/install/_local_setup_util_ps1.py'
[3.360s] INFO:colcon.colcon_core.shell:Creating prefix chain script '/home/ubuntu/rb3302_final_proj_code/student_ws/install/setup.ps1'
[3.365s] INFO:colcon.colcon_core.shell:Creating prefix script '/home/ubuntu/rb3302_final_proj_code/student_ws/install/local_setup.sh'
[3.367s] INFO:colcon.colcon_core.shell:Creating prefix util module '/home/ubuntu/rb3302_final_proj_code/student_ws/install/_local_setup_util_sh.py'
[3.370s] INFO:colcon.colcon_core.shell:Creating prefix chain script '/home/ubuntu/rb3302_final_proj_code/student_ws/install/setup.sh'
[3.374s] INFO:colcon.colcon_core.shell:Creating prefix script '/home/ubuntu/rb3302_final_proj_code/student_ws/install/local_setup.bash'
[3.376s] INFO:colcon.colcon_core.shell:Creating prefix chain script '/home/ubuntu/rb3302_final_proj_code/student_ws/install/setup.bash'
[3.380s] INFO:colcon.colcon_core.shell:Creating prefix script '/home/ubuntu/rb3302_final_proj_code/student_ws/install/local_setup.zsh'
[3.382s] INFO:colcon.colcon_core.shell:Creating prefix chain script '/home/ubuntu/rb3302_final_proj_code/student_ws/install/setup.zsh'
