-- Install configuration: ""
-- Execute custom install script
-- Up-to-date symlink: /home/ubuntu/rb3302_final_proj_code/student_ws/install/planning_rpp/share/planning_rpp/launch/__pycache__/planning.launch.cpython-312.pyc
-- Up-to-date symlink: /home/ubuntu/rb3302_final_proj_code/student_ws/install/planning_rpp/share/planning_rpp/launch/planning.launch.py
-- Up-to-date symlink: /home/ubuntu/rb3302_final_proj_code/student_ws/install/planning_rpp/share/planning_rpp/config/nav2_params.yaml
-- Up-to-date symlink: /home/ubuntu/rb3302_final_proj_code/student_ws/install/planning_rpp/share/planning_rpp/rviz/navigation.rviz
-- Up-to-date symlink: /home/ubuntu/rb3302_final_proj_code/student_ws/install/planning_rpp/share/ament_index/resource_index/package_run_dependencies/planning_rpp
-- Up-to-date symlink: /home/ubuntu/rb3302_final_proj_code/student_ws/install/planning_rpp/share/ament_index/resource_index/parent_prefix_path/planning_rpp
-- Up-to-date symlink: /home/ubuntu/rb3302_final_proj_code/student_ws/install/planning_rpp/share/planning_rpp/environment/ament_prefix_path.sh
-- Up-to-date symlink: /home/ubuntu/rb3302_final_proj_code/student_ws/install/planning_rpp/share/planning_rpp/environment/ament_prefix_path.dsv
-- Up-to-date symlink: /home/ubuntu/rb3302_final_proj_code/student_ws/install/planning_rpp/share/planning_rpp/environment/path.sh
-- Up-to-date symlink: /home/ubuntu/rb3302_final_proj_code/student_ws/install/planning_rpp/share/planning_rpp/environment/path.dsv
-- Up-to-date symlink: /home/ubuntu/rb3302_final_proj_code/student_ws/install/planning_rpp/share/planning_rpp/local_setup.bash
-- Up-to-date symlink: /home/ubuntu/rb3302_final_proj_code/student_ws/install/planning_rpp/share/planning_rpp/local_setup.sh
-- Up-to-date symlink: /home/ubuntu/rb3302_final_proj_code/student_ws/install/planning_rpp/share/planning_rpp/local_setup.zsh
-- Up-to-date symlink: /home/ubuntu/rb3302_final_proj_code/student_ws/install/planning_rpp/share/planning_rpp/local_setup.dsv
-- Symlinking: /home/ubuntu/rb3302_final_proj_code/student_ws/install/planning_rpp/share/planning_rpp/package.dsv
-- Up-to-date symlink: /home/ubuntu/rb3302_final_proj_code/student_ws/install/planning_rpp/share/ament_index/resource_index/packages/planning_rpp
-- Up-to-date symlink: /home/ubuntu/rb3302_final_proj_code/student_ws/install/planning_rpp/share/planning_rpp/cmake/planning_rppConfig.cmake
-- Up-to-date symlink: /home/ubuntu/rb3302_final_proj_code/student_ws/install/planning_rpp/share/planning_rpp/cmake/planning_rppConfig-version.cmake
-- Up-to-date symlink: /home/ubuntu/rb3302_final_proj_code/student_ws/install/planning_rpp/share/planning_rpp/package.xml
