-- The C compiler identification is GNU 13.3.0
-- The CXX compiler identification is GNU 13.3.0
-- Detecting C compiler ABI info
-- Detecting C compiler ABI info - done
-- Check for working C compiler: /usr/bin/cc - skipped
-- Detecting C compile features
-- Detecting C compile features - done
-- Detecting CXX compiler ABI info
-- Detecting CXX compiler ABI info - done
-- Check for working CXX compiler: /usr/bin/c++ - skipped
-- Detecting CXX compile features
-- Detecting CXX compile features - done
-- Found ament_cmake: 2.5.6 (/opt/ros/jazzy/share/ament_cmake/cmake)
-- Found Python3: /usr/bin/python3 (found version "3.12.3") found components: Interpreter 
-- Override CMake install command with custom implementation using symlinks instead of copying resources
-- Configuring done (1.8s)
-- Generating done (0.0s)
-- Build files have been written to: /home/ubuntu/rb3302_final_proj_code/robot_ws/build/robot_init
-- Install configuration: ""
-- Execute custom install script
-- Symlinking: /home/ubuntu/rb3302_final_proj_code/robot_ws/install/robot_init/share/robot_init/launch/robot.launch.py
-- Symlinking: /home/ubuntu/rb3302_final_proj_code/robot_ws/install/robot_init/share/ament_index/resource_index/package_run_dependencies/robot_init
-- Symlinking: /home/ubuntu/rb3302_final_proj_code/robot_ws/install/robot_init/share/ament_index/resource_index/parent_prefix_path/robot_init
-- Symlinking: /home/ubuntu/rb3302_final_proj_code/robot_ws/install/robot_init/share/robot_init/environment/ament_prefix_path.sh
-- Symlinking: /home/ubuntu/rb3302_final_proj_code/robot_ws/install/robot_init/share/robot_init/environment/ament_prefix_path.dsv
-- Symlinking: /home/ubuntu/rb3302_final_proj_code/robot_ws/install/robot_init/share/robot_init/environment/path.sh
-- Symlinking: /home/ubuntu/rb3302_final_proj_code/robot_ws/install/robot_init/share/robot_init/environment/path.dsv
-- Symlinking: /home/ubuntu/rb3302_final_proj_code/robot_ws/install/robot_init/share/robot_init/local_setup.bash
-- Symlinking: /home/ubuntu/rb3302_final_proj_code/robot_ws/install/robot_init/share/robot_init/local_setup.sh
-- Symlinking: /home/ubuntu/rb3302_final_proj_code/robot_ws/install/robot_init/share/robot_init/local_setup.zsh
-- Symlinking: /home/ubuntu/rb3302_final_proj_code/robot_ws/install/robot_init/share/robot_init/local_setup.dsv
-- Symlinking: /home/ubuntu/rb3302_final_proj_code/robot_ws/install/robot_init/share/robot_init/package.dsv
-- Symlinking: /home/ubuntu/rb3302_final_proj_code/robot_ws/install/robot_init/share/ament_index/resource_index/packages/robot_init
-- Symlinking: /home/ubuntu/rb3302_final_proj_code/robot_ws/install/robot_init/share/robot_init/cmake/robot_initConfig.cmake
-- Symlinking: /home/ubuntu/rb3302_final_proj_code/robot_ws/install/robot_init/share/robot_init/cmake/robot_initConfig-version.cmake
-- Symlinking: /home/ubuntu/rb3302_final_proj_code/robot_ws/install/robot_init/share/robot_init/package.xml
