[0.037s] Invoking command in '/home/ubuntu/rb3302_final_proj_code/robot_ws/build/rplidar_ros': CMAKE_PREFIX_PATH=${CMAKE_PREFIX_PATH}:/home/ubuntu/rb3302_final_proj_code/robot_ws/install/waverover_base:/opt/ros/jazzy /usr/bin/cmake /home/ubuntu/rb3302_final_proj_code/robot_ws/src/rplidar_ros -DCMAKE_INSTALL_PREFIX=/home/ubuntu/rb3302_final_proj_code/robot_ws/install/rplidar_ros
[0.058s] -- Found ament_cmake: 2.5.6 (/opt/ros/jazzy/share/ament_cmake/cmake)
[0.601s] -- Override CMake install command with custom implementation using symlinks instead of copying resources
[0.656s] -- Found rclcpp: 28.1.21 (/opt/ros/jazzy/share/rclcpp/cmake)
[0.761s] -- Found rosidl_generator_c: 4.6.9 (/opt/ros/jazzy/share/rosidl_generator_c/cmake)
[0.775s] -- Found rosidl_generator_cpp: 4.6.9 (/opt/ros/jazzy/share/rosidl_generator_cpp/cmake)
[0.795s] -- Using all available rosidl_typesupport_c: rosidl_typesupport_fastrtps_c;rosidl_typesupport_introspection_c
[0.819s] -- Using all available rosidl_typesupport_cpp: rosidl_typesupport_fastrtps_cpp;rosidl_typesupport_introspection_cpp
[0.951s] -- Found rmw_implementation_cmake: 7.3.3 (/opt/ros/jazzy/share/rmw_implementation_cmake/cmake)
[0.957s] -- Found rmw_fastrtps_cpp: 8.4.4 (/opt/ros/jazzy/share/rmw_fastrtps_cpp/cmake)
[1.099s] -- Using RMW implementation 'rmw_fastrtps_cpp' as default
[1.261s] -- Found sensor_msgs: 5.3.8 (/opt/ros/jazzy/share/sensor_msgs/cmake)
[1.373s] -- Found std_srvs: 5.3.8 (/opt/ros/jazzy/share/std_srvs/cmake)
[1.654s] -- Configuring done (1.6s)
[1.701s] -- Generating done (0.0s)
[1.712s] -- Build files have been written to: /home/ubuntu/rb3302_final_proj_code/robot_ws/build/rplidar_ros
[1.733s] Invoked command in '/home/ubuntu/rb3302_final_proj_code/robot_ws/build/rplidar_ros' returned '0': CMAKE_PREFIX_PATH=${CMAKE_PREFIX_PATH}:/home/ubuntu/rb3302_final_proj_code/robot_ws/install/waverover_base:/opt/ros/jazzy /usr/bin/cmake /home/ubuntu/rb3302_final_proj_code/robot_ws/src/rplidar_ros -DCMAKE_INSTALL_PREFIX=/home/ubuntu/rb3302_final_proj_code/robot_ws/install/rplidar_ros
[1.738s] Invoking command in '/home/ubuntu/rb3302_final_proj_code/robot_ws/build/rplidar_ros': CMAKE_PREFIX_PATH=${CMAKE_PREFIX_PATH}:/home/ubuntu/rb3302_final_proj_code/robot_ws/install/waverover_base:/opt/ros/jazzy /usr/bin/cmake --build /home/ubuntu/rb3302_final_proj_code/robot_ws/build/rplidar_ros -- -j8 -l8
[1.820s] -- Found ament_cmake: 2.5.6 (/opt/ros/jazzy/share/ament_cmake/cmake)
[2.306s] -- Override CMake install command with custom implementation using symlinks instead of copying resources
[2.353s] -- Found rclcpp: 28.1.21 (/opt/ros/jazzy/share/rclcpp/cmake)
[2.392s] -- Found rosidl_generator_c: 4.6.9 (/opt/ros/jazzy/share/rosidl_generator_c/cmake)
[2.405s] -- Found rosidl_generator_cpp: 4.6.9 (/opt/ros/jazzy/share/rosidl_generator_cpp/cmake)
[2.423s] -- Using all available rosidl_typesupport_c: rosidl_typesupport_fastrtps_c;rosidl_typesupport_introspection_c
[2.443s] -- Using all available rosidl_typesupport_cpp: rosidl_typesupport_fastrtps_cpp;rosidl_typesupport_introspection_cpp
[2.529s] -- Found rmw_implementation_cmake: 7.3.3 (/opt/ros/jazzy/share/rmw_implementation_cmake/cmake)
[2.530s] -- Found rmw_fastrtps_cpp: 8.4.4 (/opt/ros/jazzy/share/rmw_fastrtps_cpp/cmake)
[2.636s] -- Using RMW implementation 'rmw_fastrtps_cpp' as default
[2.727s] -- Found sensor_msgs: 5.3.8 (/opt/ros/jazzy/share/sensor_msgs/cmake)
[2.786s] -- Found std_srvs: 5.3.8 (/opt/ros/jazzy/share/std_srvs/cmake)
[2.971s] -- Configuring done (1.2s)
[3.005s] -- Generating done (0.0s)
[3.016s] -- Build files have been written to: /home/ubuntu/rb3302_final_proj_code/robot_ws/build/rplidar_ros
[3.059s] gmake[2]: Warning: File 'CMakeFiles/rplidar_client.dir/flags.make' has modification time 2941207 s in the future
[3.061s] gmake[2]: Warning: File 'CMakeFiles/rplidar_node.dir/flags.make' has modification time 2941207 s in the future
[3.062s] gmake[2]: Warning: File 'CMakeFiles/rplidar_composition.dir/flags.make' has modification time 2941207 s in the future
[3.094s] gmake[2]: warning:  Clock skew detected.  Your build may be incomplete.
[3.098s] gmake[2]: Warning: File 'CMakeFiles/rplidar_client.dir/flags.make' has modification time 2941207 s in the future
[3.100s] gmake[2]: warning:  Clock skew detected.  Your build may be incomplete.
[3.121s] gmake[2]: warning:  Clock skew detected.  Your build may be incomplete.
[3.134s] gmake[2]: warning:  Clock skew detected.  Your build may be incomplete.
[3.135s] [  5%] Built target rplidar_client
[3.143s] gmake[2]: Warning: File 'CMakeFiles/rplidar_node.dir/flags.make' has modification time 2941207 s in the future
[3.146s] gmake[2]: warning:  Clock skew detected.  Your build may be incomplete.
[3.163s] gmake[2]: Warning: File 'CMakeFiles/rplidar_composition.dir/flags.make' has modification time 2941207 s in the future
[3.166s] gmake[2]: warning:  Clock skew detected.  Your build may be incomplete.
[3.182s] [ 52%] Built target rplidar_node
[3.204s] [100%] Built target rplidar_composition
[3.251s] Invoked command in '/home/ubuntu/rb3302_final_proj_code/robot_ws/build/rplidar_ros' returned '0': CMAKE_PREFIX_PATH=${CMAKE_PREFIX_PATH}:/home/ubuntu/rb3302_final_proj_code/robot_ws/install/waverover_base:/opt/ros/jazzy /usr/bin/cmake --build /home/ubuntu/rb3302_final_proj_code/robot_ws/build/rplidar_ros -- -j8 -l8
[3.255s] Invoking command in '/home/ubuntu/rb3302_final_proj_code/robot_ws/build/rplidar_ros': CMAKE_PREFIX_PATH=${CMAKE_PREFIX_PATH}:/home/ubuntu/rb3302_final_proj_code/robot_ws/install/waverover_base:/opt/ros/jazzy /usr/bin/cmake --install /home/ubuntu/rb3302_final_proj_code/robot_ws/build/rplidar_ros
[3.289s] -- Install configuration: ""
[3.290s] -- Execute custom install script
[3.293s] -- Up-to-date symlink: /home/ubuntu/rb3302_final_proj_code/robot_ws/install/rplidar_ros/share/rplidar_ros/launch/rplidar_launch.py
[3.294s] -- Up-to-date symlink: /home/ubuntu/rb3302_final_proj_code/robot_ws/install/rplidar_ros/share/rplidar_ros/rviz/rplidar_ros.rviz
[3.296s] -- Up-to-date symlink: /home/ubuntu/rb3302_final_proj_code/robot_ws/install/rplidar_ros/lib/rplidar_ros/rplidar_node
[3.296s] -- Up-to-date symlink: /home/ubuntu/rb3302_final_proj_code/robot_ws/install/rplidar_ros/lib/rplidar_ros/rplidar_composition
[3.297s] -- Up-to-date symlink: /home/ubuntu/rb3302_final_proj_code/robot_ws/install/rplidar_ros/lib/rplidar_ros/rplidar_client
[3.298s] -- Up-to-date symlink: /home/ubuntu/rb3302_final_proj_code/robot_ws/install/rplidar_ros/share/ament_index/resource_index/package_run_dependencies/rplidar_ros
[3.299s] -- Up-to-date symlink: /home/ubuntu/rb3302_final_proj_code/robot_ws/install/rplidar_ros/share/ament_index/resource_index/parent_prefix_path/rplidar_ros
[3.300s] -- Up-to-date symlink: /home/ubuntu/rb3302_final_proj_code/robot_ws/install/rplidar_ros/share/rplidar_ros/environment/ament_prefix_path.sh
[3.301s] -- Up-to-date symlink: /home/ubuntu/rb3302_final_proj_code/robot_ws/install/rplidar_ros/share/rplidar_ros/environment/ament_prefix_path.dsv
[3.301s] -- Up-to-date symlink: /home/ubuntu/rb3302_final_proj_code/robot_ws/install/rplidar_ros/share/rplidar_ros/environment/path.sh
[3.302s] -- Up-to-date symlink: /home/ubuntu/rb3302_final_proj_code/robot_ws/install/rplidar_ros/share/rplidar_ros/environment/path.dsv
[3.302s] -- Up-to-date symlink: /home/ubuntu/rb3302_final_proj_code/robot_ws/install/rplidar_ros/share/rplidar_ros/local_setup.bash
[3.303s] -- Up-to-date symlink: /home/ubuntu/rb3302_final_proj_code/robot_ws/install/rplidar_ros/share/rplidar_ros/local_setup.sh
[3.303s] -- Up-to-date symlink: /home/ubuntu/rb3302_final_proj_code/robot_ws/install/rplidar_ros/share/rplidar_ros/local_setup.zsh
[3.304s] -- Up-to-date symlink: /home/ubuntu/rb3302_final_proj_code/robot_ws/install/rplidar_ros/share/rplidar_ros/local_setup.dsv
[3.304s] -- Symlinking: /home/ubuntu/rb3302_final_proj_code/robot_ws/install/rplidar_ros/share/rplidar_ros/package.dsv
[3.327s] -- Up-to-date symlink: /home/ubuntu/rb3302_final_proj_code/robot_ws/install/rplidar_ros/share/ament_index/resource_index/packages/rplidar_ros
[3.327s] -- Up-to-date symlink: /home/ubuntu/rb3302_final_proj_code/robot_ws/install/rplidar_ros/share/rplidar_ros/cmake/ament_cmake_export_dependencies-extras.cmake
[3.328s] -- Up-to-date symlink: /home/ubuntu/rb3302_final_proj_code/robot_ws/install/rplidar_ros/share/rplidar_ros/cmake/ament_cmake_export_include_directories-extras.cmake
[3.328s] -- Up-to-date symlink: /home/ubuntu/rb3302_final_proj_code/robot_ws/install/rplidar_ros/share/rplidar_ros/cmake/rplidar_rosConfig.cmake
[3.329s] -- Up-to-date symlink: /home/ubuntu/rb3302_final_proj_code/robot_ws/install/rplidar_ros/share/rplidar_ros/cmake/rplidar_rosConfig-version.cmake
[3.329s] -- Up-to-date symlink: /home/ubuntu/rb3302_final_proj_code/robot_ws/install/rplidar_ros/share/rplidar_ros/package.xml
[3.334s] Invoked command in '/home/ubuntu/rb3302_final_proj_code/robot_ws/build/rplidar_ros' returned '0': CMAKE_PREFIX_PATH=${CMAKE_PREFIX_PATH}:/home/ubuntu/rb3302_final_proj_code/robot_ws/install/waverover_base:/opt/ros/jazzy /usr/bin/cmake --install /home/ubuntu/rb3302_final_proj_code/robot_ws/build/rplidar_ros
