-- Found rosidl_default_generators: 1.6.1 (/opt/ros/jazzy/share/rosidl_default_generators/cmake)
-- Override CMake install command with custom implementation using symlinks instead of copying resources
-- Using all available rosidl_typesupport_c: rosidl_typesupport_fastrtps_c;rosidl_typesupport_introspection_c
-- Using all available rosidl_typesupport_cpp: rosidl_typesupport_fastrtps_cpp;rosidl_typesupport_introspection_cpp
-- Found rosidl_adapter: 4.6.9 (/opt/ros/jazzy/share/rosidl_adapter/cmake)
-- Configuring done (1.0s)
-- Generating done (0.0s)
-- Build files have been written to: /home/ubuntu/rb3302_final_proj_code/robot_ws/build/serial
-- Found rosidl_default_generators: 1.6.1 (/opt/ros/jazzy/share/rosidl_default_generators/cmake)
-- Override CMake install command with custom implementation using symlinks instead of copying resources
-- Using all available rosidl_typesupport_c: rosidl_typesupport_fastrtps_c;rosidl_typesupport_introspection_c
-- Using all available rosidl_typesupport_cpp: rosidl_typesupport_fastrtps_cpp;rosidl_typesupport_introspection_cpp
-- Found rosidl_adapter: 4.6.9 (/opt/ros/jazzy/share/rosidl_adapter/cmake)
-- Configuring done (0.9s)
-- Generating done (0.0s)
-- Build files have been written to: /home/ubuntu/rb3302_final_proj_code/robot_ws/build/serial
gmake[2]: Warning: File 'CMakeFiles/serial.dir/flags.make' has modification time 2941206 s in the future
gmake[2]: warning:  Clock skew detected.  Your build may be incomplete.
gmake[2]: Warning: File 'CMakeFiles/serial.dir/flags.make' has modification time 2941206 s in the future
gmake[2]: warning:  Clock skew detected.  Your build may be incomplete.
[100%] Built target serial
-- Install configuration: ""
-- Execute custom install script
-- Up-to-date symlink: /home/ubuntu/rb3302_final_proj_code/robot_ws/install/serial/lib/libserial.a
-- Up-to-date symlink: /home/ubuntu/rb3302_final_proj_code/robot_ws/install/serial/share/serial/environment/library_path.sh
-- Up-to-date symlink: /home/ubuntu/rb3302_final_proj_code/robot_ws/install/serial/share/serial/environment/library_path.dsv
-- Up-to-date symlink: /home/ubuntu/rb3302_final_proj_code/robot_ws/install/serial/include/serial/impl/unix.h
-- Up-to-date symlink: /home/ubuntu/rb3302_final_proj_code/robot_ws/install/serial/include/serial/impl/win.h
-- Up-to-date symlink: /home/ubuntu/rb3302_final_proj_code/robot_ws/install/serial/include/serial/serial.h
-- Up-to-date symlink: /home/ubuntu/rb3302_final_proj_code/robot_ws/install/serial/include/serial/v8stdint.h
-- Up-to-date symlink: /home/ubuntu/rb3302_final_proj_code/robot_ws/install/serial/share/ament_index/resource_index/package_run_dependencies/serial
-- Up-to-date symlink: /home/ubuntu/rb3302_final_proj_code/robot_ws/install/serial/share/ament_index/resource_index/parent_prefix_path/serial
-- Up-to-date symlink: /home/ubuntu/rb3302_final_proj_code/robot_ws/install/serial/share/serial/environment/ament_prefix_path.sh
-- Up-to-date symlink: /home/ubuntu/rb3302_final_proj_code/robot_ws/install/serial/share/serial/environment/ament_prefix_path.dsv
-- Up-to-date symlink: /home/ubuntu/rb3302_final_proj_code/robot_ws/install/serial/share/serial/environment/path.sh
-- Up-to-date symlink: /home/ubuntu/rb3302_final_proj_code/robot_ws/install/serial/share/serial/environment/path.dsv
-- Up-to-date symlink: /home/ubuntu/rb3302_final_proj_code/robot_ws/install/serial/share/serial/local_setup.bash
-- Up-to-date symlink: /home/ubuntu/rb3302_final_proj_code/robot_ws/install/serial/share/serial/local_setup.sh
-- Up-to-date symlink: /home/ubuntu/rb3302_final_proj_code/robot_ws/install/serial/share/serial/local_setup.zsh
-- Up-to-date symlink: /home/ubuntu/rb3302_final_proj_code/robot_ws/install/serial/share/serial/local_setup.dsv
-- Symlinking: /home/ubuntu/rb3302_final_proj_code/robot_ws/install/serial/share/serial/package.dsv
-- Up-to-date symlink: /home/ubuntu/rb3302_final_proj_code/robot_ws/install/serial/share/ament_index/resource_index/packages/serial
-- Up-to-date symlink: /home/ubuntu/rb3302_final_proj_code/robot_ws/install/serial/share/serial/cmake/ament_cmake_export_include_directories-extras.cmake
-- Up-to-date symlink: /home/ubuntu/rb3302_final_proj_code/robot_ws/install/serial/share/serial/cmake/ament_cmake_export_libraries-extras.cmake
-- Up-to-date symlink: /home/ubuntu/rb3302_final_proj_code/robot_ws/install/serial/share/serial/cmake/ament_cmake_export_dependencies-extras.cmake
-- Up-to-date symlink: /home/ubuntu/rb3302_final_proj_code/robot_ws/install/serial/share/serial/cmake/serialConfig.cmake
-- Up-to-date symlink: /home/ubuntu/rb3302_final_proj_code/robot_ws/install/serial/share/serial/cmake/serialConfig-version.cmake
-- Up-to-date symlink: /home/ubuntu/rb3302_final_proj_code/robot_ws/install/serial/share/serial/package.xml
